Archive member included because of file (symbol)

../firstProject_bsp/\libhal_bsp.a(alt_load.o)
                              ../firstProject_bsp//obj/HAL/src/crt0.o (alt_load)
../firstProject_bsp/\libhal_bsp.a(alt_main.o)
                              ../firstProject_bsp//obj/HAL/src/crt0.o (alt_main)
../firstProject_bsp/\libhal_bsp.a(alt_sys_init.o)
                              ../firstProject_bsp/\libhal_bsp.a(alt_main.o) (alt_irq_init)
../firstProject_bsp/\libhal_bsp.a(altera_avalon_jtag_uart_fd.o)
                              ../firstProject_bsp/\libhal_bsp.a(alt_sys_init.o) (altera_avalon_jtag_uart_read_fd)
../firstProject_bsp/\libhal_bsp.a(altera_avalon_jtag_uart_init.o)
                              ../firstProject_bsp/\libhal_bsp.a(alt_sys_init.o) (altera_avalon_jtag_uart_init)
../firstProject_bsp/\libhal_bsp.a(altera_avalon_jtag_uart_ioctl.o)
                              ../firstProject_bsp/\libhal_bsp.a(altera_avalon_jtag_uart_fd.o) (altera_avalon_jtag_uart_ioctl)
../firstProject_bsp/\libhal_bsp.a(altera_avalon_jtag_uart_read.o)
                              ../firstProject_bsp/\libhal_bsp.a(altera_avalon_jtag_uart_fd.o) (altera_avalon_jtag_uart_read)
../firstProject_bsp/\libhal_bsp.a(altera_avalon_jtag_uart_write.o)
                              ../firstProject_bsp/\libhal_bsp.a(altera_avalon_jtag_uart_fd.o) (altera_avalon_jtag_uart_write)
../firstProject_bsp/\libhal_bsp.a(altera_avalon_timer_sc.o)
                              ../firstProject_bsp/\libhal_bsp.a(alt_sys_init.o) (alt_avalon_timer_sc_init)
../firstProject_bsp/\libhal_bsp.a(altera_up_avalon_rs232.o)
                              ../firstProject_bsp/\libhal_bsp.a(alt_sys_init.o) (alt_up_rs232_read_fd)
../firstProject_bsp/\libhal_bsp.a(alt_alarm_start.o)
                              ../firstProject_bsp/\libhal_bsp.a(altera_avalon_jtag_uart_init.o) (alt_alarm_start)
../firstProject_bsp/\libhal_bsp.a(alt_close.o)
                              ../firstProject_bsp/\libhal_bsp.a(alt_main.o) (close)
../firstProject_bsp/\libhal_bsp.a(alt_dcache_flush_all.o)
                              ../firstProject_bsp/\libhal_bsp.a(alt_load.o) (alt_dcache_flush_all)
../firstProject_bsp/\libhal_bsp.a(alt_dev.o)
                              ../firstProject_bsp/\libhal_bsp.a(alt_sys_init.o) (alt_dev_list)
../firstProject_bsp/\libhal_bsp.a(alt_dev_llist_insert.o)
                              ../firstProject_bsp/\libhal_bsp.a(alt_sys_init.o) (alt_dev_llist_insert)
../firstProject_bsp/\libhal_bsp.a(alt_do_ctors.o)
                              ../firstProject_bsp/\libhal_bsp.a(alt_main.o) (_do_ctors)
../firstProject_bsp/\libhal_bsp.a(alt_do_dtors.o)
                              ../firstProject_bsp/\libhal_bsp.a(alt_main.o) (_do_dtors)
../firstProject_bsp/\libhal_bsp.a(alt_errno.o)
                              ../firstProject_bsp/\libhal_bsp.a(alt_close.o) (alt_errno)
../firstProject_bsp/\libhal_bsp.a(alt_find_dev.o)
                              ../firstProject_bsp/\libhal_bsp.a(altera_up_avalon_rs232.o) (alt_find_dev)
../firstProject_bsp/\libhal_bsp.a(alt_icache_flush_all.o)
                              ../firstProject_bsp/\libhal_bsp.a(alt_load.o) (alt_icache_flush_all)
../firstProject_bsp/\libhal_bsp.a(alt_io_redirect.o)
                              ../firstProject_bsp/\libhal_bsp.a(alt_main.o) (alt_io_redirect)
../firstProject_bsp/\libhal_bsp.a(alt_irq_register.o)
                              ../firstProject_bsp/\libhal_bsp.a(altera_avalon_jtag_uart_init.o) (alt_irq_register)
../firstProject_bsp/\libhal_bsp.a(alt_irq_vars.o)
                              ../firstProject_bsp/\libhal_bsp.a(alt_irq_register.o) (alt_irq_active)
../firstProject_bsp/\libhal_bsp.a(alt_open.o)
                              ../firstProject_bsp/\libhal_bsp.a(alt_io_redirect.o) (open)
../firstProject_bsp/\libhal_bsp.a(alt_release_fd.o)
                              ../firstProject_bsp/\libhal_bsp.a(alt_close.o) (alt_release_fd)
../firstProject_bsp/\libhal_bsp.a(alt_tick.o)
                              ../firstProject_bsp/\libhal_bsp.a(altera_avalon_jtag_uart_init.o) (_alt_tick_rate)
../firstProject_bsp/\libhal_bsp.a(altera_nios2_irq.o)
                              ../firstProject_bsp/\libhal_bsp.a(alt_sys_init.o) (altera_nios2_irq_init)
../firstProject_bsp/\libhal_bsp.a(alt_find_file.o)
                              ../firstProject_bsp/\libhal_bsp.a(alt_open.o) (alt_find_file)
../firstProject_bsp/\libhal_bsp.a(alt_get_fd.o)
                              ../firstProject_bsp/\libhal_bsp.a(alt_open.o) (alt_get_fd)
../firstProject_bsp/\libhal_bsp.a(alt_irq_entry.o)
                              ../firstProject_bsp/\libhal_bsp.a(alt_irq_register.o) (alt_irq_entry)
../firstProject_bsp/\libhal_bsp.a(alt_irq_handler.o)
                              ../firstProject_bsp/\libhal_bsp.a(alt_irq_register.o) (alt_irq_handler)
../firstProject_bsp/\libhal_bsp.a(alt_exception_entry.o)
                              ../firstProject_bsp/\libhal_bsp.a(alt_irq_entry.o) (alt_exception)
c:/altera/11.0sp1/nios2eds/bin/gnu/h-i686-mingw32/bin/../lib/gcc/nios2-elf/4.1.2/../../../../nios2-elf/lib/mno-hw-mul\libc.a(lib_a-atexit.o)
                              ../firstProject_bsp/\libhal_bsp.a(alt_main.o) (atexit)
c:/altera/11.0sp1/nios2eds/bin/gnu/h-i686-mingw32/bin/../lib/gcc/nios2-elf/4.1.2/../../../../nios2-elf/lib/mno-hw-mul\libc.a(lib_a-exit.o)
                              ../firstProject_bsp/\libhal_bsp.a(alt_main.o) (exit)
c:/altera/11.0sp1/nios2eds/bin/gnu/h-i686-mingw32/bin/../lib/gcc/nios2-elf/4.1.2/../../../../nios2-elf/lib/mno-hw-mul\libc.a(lib_a-impure.o)
                              c:/altera/11.0sp1/nios2eds/bin/gnu/h-i686-mingw32/bin/../lib/gcc/nios2-elf/4.1.2/../../../../nios2-elf/lib/mno-hw-mul\libc.a(lib_a-exit.o) (_global_impure_ptr)
c:/altera/11.0sp1/nios2eds/bin/gnu/h-i686-mingw32/bin/../lib/gcc/nios2-elf/4.1.2/../../../../nios2-elf/lib/mno-hw-mul\libc.a(lib_a-int_errno.o)
                              ../firstProject_bsp/\libhal_bsp.a(alt_close.o) (errno)
c:/altera/11.0sp1/nios2eds/bin/gnu/h-i686-mingw32/bin/../lib/gcc/nios2-elf/4.1.2/../../../../nios2-elf/lib/mno-hw-mul\libc.a(lib_a-memcmp.o)
                              ../firstProject_bsp/\libhal_bsp.a(alt_find_dev.o) (memcmp)
c:/altera/11.0sp1/nios2eds/bin/gnu/h-i686-mingw32/bin/../lib/gcc/nios2-elf/4.1.2/../../../../nios2-elf/lib/mno-hw-mul\libc.a(lib_a-memcpy.o)
                              ../firstProject_bsp/\libhal_bsp.a(altera_avalon_jtag_uart_read.o) (memcpy)
c:/altera/11.0sp1/nios2eds/bin/gnu/h-i686-mingw32/bin/../lib/gcc/nios2-elf/4.1.2/../../../../nios2-elf/lib/mno-hw-mul\libc.a(lib_a-strlen.o)
                              ../firstProject_bsp/\libhal_bsp.a(alt_find_dev.o) (strlen)
c:/altera/11.0sp1/nios2eds/bin/gnu/h-i686-mingw32/bin/../lib/gcc/nios2-elf/4.1.2/../../../../nios2-elf/lib/mno-hw-mul\libc.a(lib_a-__atexit.o)
                              c:/altera/11.0sp1/nios2eds/bin/gnu/h-i686-mingw32/bin/../lib/gcc/nios2-elf/4.1.2/../../../../nios2-elf/lib/mno-hw-mul\libc.a(lib_a-atexit.o) (__register_exitproc)
c:/altera/11.0sp1/nios2eds/bin/gnu/h-i686-mingw32/bin/../lib/gcc/nios2-elf/4.1.2/../../../../nios2-elf/lib/mno-hw-mul\libc.a(lib_a-__call_atexit.o)
                              c:/altera/11.0sp1/nios2eds/bin/gnu/h-i686-mingw32/bin/../lib/gcc/nios2-elf/4.1.2/../../../../nios2-elf/lib/mno-hw-mul\libc.a(lib_a-exit.o) (__call_exitprocs)
c:/altera/11.0sp1/nios2eds/bin/gnu/h-i686-mingw32/bin/../lib/gcc/nios2-elf/4.1.2/mno-hw-mul\libgcc.a(lib2-mul.o)
                              ../firstProject_bsp/\libhal_bsp.a(alt_close.o) (__mulsi3)
../firstProject_bsp/\libhal_bsp.a(alt_exit.o)
                              c:/altera/11.0sp1/nios2eds/bin/gnu/h-i686-mingw32/bin/../lib/gcc/nios2-elf/4.1.2/../../../../nios2-elf/lib/mno-hw-mul\libc.a(lib_a-exit.o) (_exit)

Allocating common symbols
Common symbol       size              file

alt_irq             0x100             ../firstProject_bsp/\libhal_bsp.a(alt_irq_handler.o)
errno               0x4               c:/altera/11.0sp1/nios2eds/bin/gnu/h-i686-mingw32/bin/../lib/gcc/nios2-elf/4.1.2/../../../../nios2-elf/lib/mno-hw-mul\libc.a(lib_a-int_errno.o)
_atexit0            0x190             c:/altera/11.0sp1/nios2eds/bin/gnu/h-i686-mingw32/bin/../lib/gcc/nios2-elf/4.1.2/../../../../nios2-elf/lib/mno-hw-mul\libc.a(lib_a-atexit.o)

Memory Configuration

Name             Origin             Length             Attributes
reset            0x00000000         0x00000020
SDRAM            0x00000020         0x007fffe0
SRAM             0x08000000         0x00080000
Onchip_memory    0x09000000         0x00002000
*default*        0x00000000         0xffffffff

Linker script and memory map

LOAD ../firstProject_bsp//obj/HAL/src/crt0.o
LOAD c:/altera/11.0sp1/nios2eds/bin/gnu/h-i686-mingw32/bin/../lib/gcc/nios2-elf/4.1.2/../../../../nios2-elf/lib/mno-hw-mul\libstdc++.a
LOAD c:/altera/11.0sp1/nios2eds/bin/gnu/h-i686-mingw32/bin/../lib/gcc/nios2-elf/4.1.2/../../../../nios2-elf/lib/mno-hw-mul\libm.a
LOAD c:/altera/11.0sp1/nios2eds/bin/gnu/h-i686-mingw32/bin/../lib/gcc/nios2-elf/4.1.2/mno-hw-mul\libgcc.a
START GROUP
LOAD c:/altera/11.0sp1/nios2eds/bin/gnu/h-i686-mingw32/bin/../lib/gcc/nios2-elf/4.1.2/../../../../nios2-elf/lib/mno-hw-mul\libc.a
LOAD c:/altera/11.0sp1/nios2eds/bin/gnu/h-i686-mingw32/bin/../lib/gcc/nios2-elf/4.1.2/mno-hw-mul\libgcc.a
LOAD ../firstProject_bsp/\libhal_bsp.a
END GROUP
LOAD c:/altera/11.0sp1/nios2eds/bin/gnu/h-i686-mingw32/bin/../lib/gcc/nios2-elf/4.1.2/mno-hw-mul\libgcc.a
                0x00000000                __alt_mem_SDRAM = 0x0
                0x08000000                __alt_mem_SRAM = 0x8000000
                0x09000000                __alt_mem_Onchip_memory = 0x9000000

.entry          0x00000000       0x20
 *(.entry)
 .entry         0x00000000       0x20 ../firstProject_bsp//obj/HAL/src/crt0.o
                0x00000000                __reset

.exceptions     0x00000020      0x198
                0x00000020                PROVIDE (__ram_exceptions_start, ABSOLUTE (.))
                0x00000020                . = ALIGN (0x20)
 *(.irq)
 *(.exceptions.entry.label)
 .exceptions.entry.label
                0x00000020        0x0 ../firstProject_bsp/\libhal_bsp.a(alt_irq_entry.o)
                0x00000020                alt_irq_entry
 .exceptions.entry.label
                0x00000020        0x0 ../firstProject_bsp/\libhal_bsp.a(alt_exception_entry.o)
                0x00000020                alt_exception
 *(.exceptions.entry.user)
 *(.exceptions.entry)
 .exceptions.entry
                0x00000020       0x54 ../firstProject_bsp/\libhal_bsp.a(alt_exception_entry.o)
 *(.exceptions.irqtest.user)
 *(.exceptions.irqtest)
 .exceptions.irqtest
                0x00000074       0x10 ../firstProject_bsp/\libhal_bsp.a(alt_irq_entry.o)
 *(.exceptions.irqhandler.user)
 *(.exceptions.irqhandler)
 .exceptions.irqhandler
                0x00000084        0x4 ../firstProject_bsp/\libhal_bsp.a(alt_irq_entry.o)
 *(.exceptions.irqreturn.user)
 *(.exceptions.irqreturn)
 .exceptions.irqreturn
                0x00000088        0x4 ../firstProject_bsp/\libhal_bsp.a(alt_irq_entry.o)
 *(.exceptions.notirq.label)
 .exceptions.notirq.label
                0x0000008c        0x0 ../firstProject_bsp/\libhal_bsp.a(alt_irq_entry.o)
 *(.exceptions.notirq.user)
 *(.exceptions.notirq)
 .exceptions.notirq
                0x0000008c        0x8 ../firstProject_bsp/\libhal_bsp.a(alt_exception_entry.o)
 *(.exceptions.soft.user)
 *(.exceptions.soft)
 *(.exceptions.unknown.user)
 *(.exceptions.unknown)
 .exceptions.unknown
                0x00000094        0x4 ../firstProject_bsp/\libhal_bsp.a(alt_exception_entry.o)
 *(.exceptions.exit.label)
 .exceptions.exit.label
                0x00000098        0x0 ../firstProject_bsp/\libhal_bsp.a(alt_irq_entry.o)
 .exceptions.exit.label
                0x00000098        0x0 ../firstProject_bsp/\libhal_bsp.a(alt_exception_entry.o)
 *(.exceptions.exit.user)
 *(.exceptions.exit)
 .exceptions.exit
                0x00000098       0x54 ../firstProject_bsp/\libhal_bsp.a(alt_exception_entry.o)
 *(.exceptions)
 .exceptions    0x000000ec       0xcc ../firstProject_bsp/\libhal_bsp.a(alt_irq_handler.o)
                0x000000ec                alt_irq_handler
                0x000001b8                PROVIDE (__ram_exceptions_end, ABSOLUTE (.))
                0x00000020                PROVIDE (__flash_exceptions_start, LOADADDR (.exceptions))

.text           0x000001b8     0x2704
                0x000001b8                PROVIDE (stext, ABSOLUTE (.))
 *(.interp)
 *(.hash)
 *(.dynsym)
 *(.dynstr)
 *(.gnu.version)
 *(.gnu.version_d)
 *(.gnu.version_r)
 *(.rel.init)
 *(.rela.init)
 *(.rel.text .rel.text.* .rel.gnu.linkonce.t.*)
 *(.rela.text .rela.text.* .rela.gnu.linkonce.t.*)
 *(.rel.fini)
 *(.rela.fini)
 *(.rel.rodata .rel.rodata.* .rel.gnu.linkonce.r.*)
 *(.rela.rodata .rela.rodata.* .rela.gnu.linkonce.r.*)
 *(.rel.data .rel.data.* .rel.gnu.linkonce.d.*)
 *(.rela.data .rela.data.* .rela.gnu.linkonce.d.*)
 *(.rel.tdata .rel.tdata.* .rel.gnu.linkonce.td.*)
 *(.rela.tdata .rela.tdata.* .rela.gnu.linkonce.td.*)
 *(.rel.tbss .rel.tbss.* .rel.gnu.linkonce.tb.*)
 *(.rela.tbss .rela.tbss.* .rela.gnu.linkonce.tb.*)
 *(.rel.ctors)
 *(.rela.ctors)
 *(.rel.dtors)
 *(.rela.dtors)
 *(.rel.got)
 *(.rela.got)
 *(.rel.sdata .rel.sdata.* .rel.gnu.linkonce.s.*)
 *(.rela.sdata .rela.sdata.* .rela.gnu.linkonce.s.*)
 *(.rel.sbss .rel.sbss.* .rel.gnu.linkonce.sb.*)
 *(.rela.sbss .rela.sbss.* .rela.gnu.linkonce.sb.*)
 *(.rel.sdata2 .rel.sdata2.* .rel.gnu.linkonce.s2.*)
 *(.rela.sdata2 .rela.sdata2.* .rela.gnu.linkonce.s2.*)
 *(.rel.sbss2 .rel.sbss2.* .rel.gnu.linkonce.sb2.*)
 *(.rela.sbss2 .rela.sbss2.* .rela.gnu.linkonce.sb2.*)
 *(.rel.bss .rel.bss.* .rel.gnu.linkonce.b.*)
 *(.rela.bss .rela.bss.* .rela.gnu.linkonce.b.*)
 *(.rel.plt)
 *(.rela.plt)
 *(.rel.dyn)
 *(.init)
 *(.plt)
 *(.text .stub .text.* .gnu.linkonce.t.*)
 .text          0x000001b8       0x3c ../firstProject_bsp//obj/HAL/src/crt0.o
                0x000001b8                _start
 .text          0x000001f4       0xec ../firstProject_bsp/\libhal_bsp.a(alt_load.o)
                0x000001f4                alt_load
 .text          0x000002e0       0x6c ../firstProject_bsp/\libhal_bsp.a(alt_main.o)
                0x000002e0                alt_main
 .text          0x0000034c      0x134 ../firstProject_bsp/\libhal_bsp.a(alt_sys_init.o)
                0x0000034c                alt_irq_init
                0x00000380                alt_sys_init
 .text          0x00000480      0x148 ../firstProject_bsp/\libhal_bsp.a(altera_avalon_jtag_uart_fd.o)
                0x00000480                altera_avalon_jtag_uart_read_fd
                0x000004d8                altera_avalon_jtag_uart_write_fd
                0x00000530                altera_avalon_jtag_uart_close_fd
                0x00000578                altera_avalon_jtag_uart_ioctl_fd
 .text          0x000005c8      0x408 ../firstProject_bsp/\libhal_bsp.a(altera_avalon_jtag_uart_init.o)
                0x000005c8                altera_avalon_jtag_uart_init
                0x0000095c                altera_avalon_jtag_uart_close
 .text          0x000009d0       0xf4 ../firstProject_bsp/\libhal_bsp.a(altera_avalon_jtag_uart_ioctl.o)
                0x000009d0                altera_avalon_jtag_uart_ioctl
 .text          0x00000ac4      0x224 ../firstProject_bsp/\libhal_bsp.a(altera_avalon_jtag_uart_read.o)
                0x00000ac4                altera_avalon_jtag_uart_read
 .text          0x00000ce8      0x240 ../firstProject_bsp/\libhal_bsp.a(altera_avalon_jtag_uart_write.o)
                0x00000ce8                altera_avalon_jtag_uart_write
 .text          0x00000f28       0xfc ../firstProject_bsp/\libhal_bsp.a(altera_avalon_timer_sc.o)
                0x00000f9c                alt_avalon_timer_sc_init
 .text          0x00001024      0x398 ../firstProject_bsp/\libhal_bsp.a(altera_up_avalon_rs232.o)
                0x00001024                alt_up_rs232_enable_read_interrupt
                0x00001078                alt_up_rs232_disable_read_interrupt
                0x000010d0                alt_up_rs232_get_used_space_in_read_FIFO
                0x0000110c                alt_up_rs232_get_available_space_in_write_FIFO
                0x0000114c                alt_up_rs232_check_parity
                0x0000119c                alt_up_rs232_write_data
                0x000011e4                alt_up_rs232_read_data
                0x00001258                alt_up_rs232_read_fd
                0x000012e8                alt_up_rs232_write_fd
                0x0000137c                alt_up_rs232_open_dev
 .text          0x000013bc      0x154 ../firstProject_bsp/\libhal_bsp.a(alt_alarm_start.o)
                0x000013bc                alt_alarm_start
 .text          0x00001510      0x160 ../firstProject_bsp/\libhal_bsp.a(alt_close.o)
                0x00001510                close
 .text          0x00001670       0x1c ../firstProject_bsp/\libhal_bsp.a(alt_dcache_flush_all.o)
                0x00001670                alt_dcache_flush_all
 .text          0x0000168c       0x2c ../firstProject_bsp/\libhal_bsp.a(alt_dev.o)
 .text          0x000016b8      0x114 ../firstProject_bsp/\libhal_bsp.a(alt_dev_llist_insert.o)
                0x000016b8                alt_dev_llist_insert
 .text          0x000017cc       0x64 ../firstProject_bsp/\libhal_bsp.a(alt_do_ctors.o)
                0x000017cc                _do_ctors
 .text          0x00001830       0x64 ../firstProject_bsp/\libhal_bsp.a(alt_do_dtors.o)
                0x00001830                _do_dtors
 .text          0x00001894        0x0 ../firstProject_bsp/\libhal_bsp.a(alt_errno.o)
 .text          0x00001894       0x94 ../firstProject_bsp/\libhal_bsp.a(alt_find_dev.o)
                0x00001894                alt_find_dev
 .text          0x00001928       0x1c ../firstProject_bsp/\libhal_bsp.a(alt_icache_flush_all.o)
                0x00001928                alt_icache_flush_all
 .text          0x00001944      0x150 ../firstProject_bsp/\libhal_bsp.a(alt_io_redirect.o)
                0x00001a1c                alt_io_redirect
 .text          0x00001a94      0x1c0 ../firstProject_bsp/\libhal_bsp.a(alt_irq_register.o)
                0x00001a94                alt_irq_register
 .text          0x00001c54        0x0 ../firstProject_bsp/\libhal_bsp.a(alt_irq_vars.o)
 .text          0x00001c54      0x2e4 ../firstProject_bsp/\libhal_bsp.a(alt_open.o)
                0x00001d4c                open
 .text          0x00001f38       0x78 ../firstProject_bsp/\libhal_bsp.a(alt_release_fd.o)
                0x00001f38                alt_release_fd
 .text          0x00001fb0      0x1a4 ../firstProject_bsp/\libhal_bsp.a(alt_tick.o)
                0x00001fb0                alt_alarm_stop
                0x00002048                alt_tick
 .text          0x00002154       0x20 ../firstProject_bsp/\libhal_bsp.a(altera_nios2_irq.o)
                0x00002154                altera_nios2_irq_init
 .text          0x00002174      0x120 ../firstProject_bsp/\libhal_bsp.a(alt_find_file.o)
                0x00002174                alt_find_file
 .text          0x00002294       0xd0 ../firstProject_bsp/\libhal_bsp.a(alt_get_fd.o)
                0x00002294                alt_get_fd
 .text          0x00002364        0x0 ../firstProject_bsp/\libhal_bsp.a(alt_irq_entry.o)
 .text          0x00002364        0x0 ../firstProject_bsp/\libhal_bsp.a(alt_irq_handler.o)
 .text          0x00002364        0x0 ../firstProject_bsp/\libhal_bsp.a(alt_exception_entry.o)
 .text          0x00002364       0x14 c:/altera/11.0sp1/nios2eds/bin/gnu/h-i686-mingw32/bin/../lib/gcc/nios2-elf/4.1.2/../../../../nios2-elf/lib/mno-hw-mul\libc.a(lib_a-atexit.o)
                0x00002364                atexit
 .text          0x00002378       0x38 c:/altera/11.0sp1/nios2eds/bin/gnu/h-i686-mingw32/bin/../lib/gcc/nios2-elf/4.1.2/../../../../nios2-elf/lib/mno-hw-mul\libc.a(lib_a-exit.o)
                0x00002378                exit
 .text          0x000023b0        0x0 c:/altera/11.0sp1/nios2eds/bin/gnu/h-i686-mingw32/bin/../lib/gcc/nios2-elf/4.1.2/../../../../nios2-elf/lib/mno-hw-mul\libc.a(lib_a-impure.o)
 .text          0x000023b0        0x0 c:/altera/11.0sp1/nios2eds/bin/gnu/h-i686-mingw32/bin/../lib/gcc/nios2-elf/4.1.2/../../../../nios2-elf/lib/mno-hw-mul\libc.a(lib_a-int_errno.o)
 .text          0x000023b0       0x74 c:/altera/11.0sp1/nios2eds/bin/gnu/h-i686-mingw32/bin/../lib/gcc/nios2-elf/4.1.2/../../../../nios2-elf/lib/mno-hw-mul\libc.a(lib_a-memcmp.o)
                0x000023b0                memcmp
 .text          0x00002424       0xa0 c:/altera/11.0sp1/nios2eds/bin/gnu/h-i686-mingw32/bin/../lib/gcc/nios2-elf/4.1.2/../../../../nios2-elf/lib/mno-hw-mul\libc.a(lib_a-memcpy.o)
                0x00002424                memcpy
 .text          0x000024c4       0x74 c:/altera/11.0sp1/nios2eds/bin/gnu/h-i686-mingw32/bin/../lib/gcc/nios2-elf/4.1.2/../../../../nios2-elf/lib/mno-hw-mul\libc.a(lib_a-strlen.o)
                0x000024c4                strlen
 .text          0x00002538      0x134 c:/altera/11.0sp1/nios2eds/bin/gnu/h-i686-mingw32/bin/../lib/gcc/nios2-elf/4.1.2/../../../../nios2-elf/lib/mno-hw-mul\libc.a(lib_a-__atexit.o)
                0x00002538                __register_exitproc
 .text          0x0000266c      0x1b4 c:/altera/11.0sp1/nios2eds/bin/gnu/h-i686-mingw32/bin/../lib/gcc/nios2-elf/4.1.2/../../../../nios2-elf/lib/mno-hw-mul\libc.a(lib_a-__call_atexit.o)
                0x00002670                __call_exitprocs
 .text          0x00002820       0x38 c:/altera/11.0sp1/nios2eds/bin/gnu/h-i686-mingw32/bin/../lib/gcc/nios2-elf/4.1.2/mno-hw-mul\libgcc.a(lib2-mul.o)
                0x00002820                __mulsi3
 .text          0x00002858       0x60 ../firstProject_bsp/\libhal_bsp.a(alt_exit.o)
                0x00002898                _exit
 *(.gnu.warning.*)
 *(.fini)
                0x000028b8                PROVIDE (__etext, ABSOLUTE (.))
                0x000028b8                PROVIDE (_etext, ABSOLUTE (.))
                0x000028b8                PROVIDE (etext, ABSOLUTE (.))
 *(.eh_frame_hdr)
                0x000028b8                . = ALIGN (0x4)
                0x000028b8                PROVIDE (__preinit_array_start, ABSOLUTE (.))
 *(.preinit_array)
                0x000028b8                PROVIDE (__preinit_array_end, ABSOLUTE (.))
                0x000028b8                PROVIDE (__init_array_start, ABSOLUTE (.))
 *(.init_array)
                0x000028b8                PROVIDE (__init_array_end, ABSOLUTE (.))
                0x000028b8                PROVIDE (__fini_array_start, ABSOLUTE (.))
 *(.fini_array)
                0x000028b8                PROVIDE (__fini_array_end, ABSOLUTE (.))
 *(.eh_frame)
 *(.gcc_except_table)
 *(.dynamic)
                0x000028b8                PROVIDE (__CTOR_LIST__, ABSOLUTE (.))
 *(.ctors)
 *(SORT(.ctors.*))
 .ctors.65535   0x000028b8        0x4 c:/altera/11.0sp1/nios2eds/bin/gnu/h-i686-mingw32/bin/../lib/gcc/nios2-elf/4.1.2/../../../../nios2-elf/lib/mno-hw-mul\libc.a(lib_a-__call_atexit.o)
                0x000028bc                PROVIDE (__CTOR_END__, ABSOLUTE (.))
                0x000028bc                PROVIDE (__DTOR_LIST__, ABSOLUTE (.))
 *(.dtors)
 *(SORT(.dtors.*))
                0x000028bc                PROVIDE (__DTOR_END__, ABSOLUTE (.))
 *(.jcr)
                0x000028bc                . = ALIGN (0x4)

.rodata         0x000028bc       0xd8
                0x000028bc                PROVIDE (__ram_rodata_start, ABSOLUTE (.))
                0x000028bc                . = ALIGN (0x4)
 *(.rodata .rodata.* .gnu.linkonce.r.*)
 .rodata        0x000028bc       0x10 ../firstProject_bsp/\libhal_bsp.a(alt_main.o)
 .rodata        0x000028cc       0xb8 ../firstProject_bsp/\libhal_bsp.a(alt_sys_init.o)
 .rodata        0x00002984        0xc ../firstProject_bsp/\libhal_bsp.a(alt_dev.o)
 .rodata.str1.4
                0x00002990        0x4 c:/altera/11.0sp1/nios2eds/bin/gnu/h-i686-mingw32/bin/../lib/gcc/nios2-elf/4.1.2/../../../../nios2-elf/lib/mno-hw-mul\libc.a(lib_a-impure.o)
 *(.rodata1)
                0x00002994                . = ALIGN (0x4)
                0x00002994                PROVIDE (__ram_rodata_end, ABSOLUTE (.))
                0x000028bc                PROVIDE (__flash_rodata_start, LOADADDR (.rodata))

.rwdata         0x00002994     0x17c0 load address 0x00004154
                0x00002994                PROVIDE (__ram_rwdata_start, ABSOLUTE (.))
                0x00002994                . = ALIGN (0x4)
 *(.got.plt)
 *(.got)
 *(.data1)
 *(.data .data.* .gnu.linkonce.d.*)
 .data          0x00002994        0x0 ../firstProject_bsp//obj/HAL/src/crt0.o
 .data          0x00002994        0x0 ../firstProject_bsp/\libhal_bsp.a(alt_load.o)
 .data          0x00002994        0x0 ../firstProject_bsp/\libhal_bsp.a(alt_main.o)
 .data          0x00002994     0x11ec ../firstProject_bsp/\libhal_bsp.a(alt_sys_init.o)
 .data          0x00003b80        0x0 ../firstProject_bsp/\libhal_bsp.a(altera_avalon_jtag_uart_fd.o)
 .data          0x00003b80        0x0 ../firstProject_bsp/\libhal_bsp.a(altera_avalon_jtag_uart_init.o)
 .data          0x00003b80        0x0 ../firstProject_bsp/\libhal_bsp.a(altera_avalon_jtag_uart_ioctl.o)
 .data          0x00003b80        0x0 ../firstProject_bsp/\libhal_bsp.a(altera_avalon_jtag_uart_read.o)
 .data          0x00003b80        0x0 ../firstProject_bsp/\libhal_bsp.a(altera_avalon_jtag_uart_write.o)
 .data          0x00003b80        0x0 ../firstProject_bsp/\libhal_bsp.a(altera_avalon_timer_sc.o)
 .data          0x00003b80        0x0 ../firstProject_bsp/\libhal_bsp.a(altera_up_avalon_rs232.o)
 .data          0x00003b80        0x0 ../firstProject_bsp/\libhal_bsp.a(alt_alarm_start.o)
 .data          0x00003b80        0x0 ../firstProject_bsp/\libhal_bsp.a(alt_close.o)
 .data          0x00003b80        0x0 ../firstProject_bsp/\libhal_bsp.a(alt_dcache_flush_all.o)
 .data          0x00003b80      0x1a8 ../firstProject_bsp/\libhal_bsp.a(alt_dev.o)
                0x00003b80                alt_dev_null
                0x00003ba8                alt_fd_list
 .data          0x00003d28        0x0 ../firstProject_bsp/\libhal_bsp.a(alt_dev_llist_insert.o)
 .data          0x00003d28        0x0 ../firstProject_bsp/\libhal_bsp.a(alt_do_ctors.o)
 .data          0x00003d28        0x0 ../firstProject_bsp/\libhal_bsp.a(alt_do_dtors.o)
 .data          0x00003d28        0x0 ../firstProject_bsp/\libhal_bsp.a(alt_errno.o)
 .data          0x00003d28        0x0 ../firstProject_bsp/\libhal_bsp.a(alt_find_dev.o)
 .data          0x00003d28        0x0 ../firstProject_bsp/\libhal_bsp.a(alt_icache_flush_all.o)
 .data          0x00003d28        0x0 ../firstProject_bsp/\libhal_bsp.a(alt_io_redirect.o)
 .data          0x00003d28        0x0 ../firstProject_bsp/\libhal_bsp.a(alt_irq_register.o)
 .data          0x00003d28        0x0 ../firstProject_bsp/\libhal_bsp.a(alt_irq_vars.o)
 .data          0x00003d28        0x0 ../firstProject_bsp/\libhal_bsp.a(alt_open.o)
 .data          0x00003d28        0x0 ../firstProject_bsp/\libhal_bsp.a(alt_release_fd.o)
 .data          0x00003d28        0x0 ../firstProject_bsp/\libhal_bsp.a(alt_tick.o)
 .data          0x00003d28        0x0 ../firstProject_bsp/\libhal_bsp.a(altera_nios2_irq.o)
 .data          0x00003d28        0x0 ../firstProject_bsp/\libhal_bsp.a(alt_find_file.o)
 .data          0x00003d28        0x0 ../firstProject_bsp/\libhal_bsp.a(alt_get_fd.o)
 .data          0x00003d28        0x0 ../firstProject_bsp/\libhal_bsp.a(alt_irq_entry.o)
 .data          0x00003d28        0x0 ../firstProject_bsp/\libhal_bsp.a(alt_irq_handler.o)
 .data          0x00003d28        0x0 ../firstProject_bsp/\libhal_bsp.a(alt_exception_entry.o)
 .data          0x00003d28        0x0 c:/altera/11.0sp1/nios2eds/bin/gnu/h-i686-mingw32/bin/../lib/gcc/nios2-elf/4.1.2/../../../../nios2-elf/lib/mno-hw-mul\libc.a(lib_a-atexit.o)
 .data          0x00003d28        0x0 c:/altera/11.0sp1/nios2eds/bin/gnu/h-i686-mingw32/bin/../lib/gcc/nios2-elf/4.1.2/../../../../nios2-elf/lib/mno-hw-mul\libc.a(lib_a-exit.o)
 .data          0x00003d28      0x400 c:/altera/11.0sp1/nios2eds/bin/gnu/h-i686-mingw32/bin/../lib/gcc/nios2-elf/4.1.2/../../../../nios2-elf/lib/mno-hw-mul\libc.a(lib_a-impure.o)
 .data          0x00004128        0x0 c:/altera/11.0sp1/nios2eds/bin/gnu/h-i686-mingw32/bin/../lib/gcc/nios2-elf/4.1.2/../../../../nios2-elf/lib/mno-hw-mul\libc.a(lib_a-int_errno.o)
 .data          0x00004128        0x0 c:/altera/11.0sp1/nios2eds/bin/gnu/h-i686-mingw32/bin/../lib/gcc/nios2-elf/4.1.2/../../../../nios2-elf/lib/mno-hw-mul\libc.a(lib_a-memcmp.o)
 .data          0x00004128        0x0 c:/altera/11.0sp1/nios2eds/bin/gnu/h-i686-mingw32/bin/../lib/gcc/nios2-elf/4.1.2/../../../../nios2-elf/lib/mno-hw-mul\libc.a(lib_a-memcpy.o)
 .data          0x00004128        0x0 c:/altera/11.0sp1/nios2eds/bin/gnu/h-i686-mingw32/bin/../lib/gcc/nios2-elf/4.1.2/../../../../nios2-elf/lib/mno-hw-mul\libc.a(lib_a-strlen.o)
 .data          0x00004128        0x0 c:/altera/11.0sp1/nios2eds/bin/gnu/h-i686-mingw32/bin/../lib/gcc/nios2-elf/4.1.2/../../../../nios2-elf/lib/mno-hw-mul\libc.a(lib_a-__atexit.o)
 .data          0x00004128        0x0 c:/altera/11.0sp1/nios2eds/bin/gnu/h-i686-mingw32/bin/../lib/gcc/nios2-elf/4.1.2/../../../../nios2-elf/lib/mno-hw-mul\libc.a(lib_a-__call_atexit.o)
 .data          0x00004128        0x0 c:/altera/11.0sp1/nios2eds/bin/gnu/h-i686-mingw32/bin/../lib/gcc/nios2-elf/4.1.2/mno-hw-mul\libgcc.a(lib2-mul.o)
 .data          0x00004128        0x0 ../firstProject_bsp/\libhal_bsp.a(alt_exit.o)
                0x0000c128                _gp = ABSOLUTE ((. + 0x8000))
                0x0000c128                PROVIDE (gp, _gp)
 *(.rwdata .rwdata.*)
 *(.sdata .sdata.* .gnu.linkonce.s.*)
 .sdata         0x00004128       0x14 ../firstProject_bsp/\libhal_bsp.a(alt_dev.o)
                0x00004128                alt_fs_list
                0x00004130                alt_dev_list
                0x00004138                alt_max_fd
 .sdata         0x0000413c        0x4 ../firstProject_bsp/\libhal_bsp.a(alt_errno.o)
                0x0000413c                alt_errno
 .sdata         0x00004140        0x4 ../firstProject_bsp/\libhal_bsp.a(alt_irq_vars.o)
                0x00004140                alt_priority_mask
 .sdata         0x00004144        0x8 ../firstProject_bsp/\libhal_bsp.a(alt_tick.o)
                0x00004144                alt_alarm_list
 .sdata         0x0000414c        0x8 c:/altera/11.0sp1/nios2eds/bin/gnu/h-i686-mingw32/bin/../lib/gcc/nios2-elf/4.1.2/../../../../nios2-elf/lib/mno-hw-mul\libc.a(lib_a-impure.o)
                0x0000414c                _impure_ptr
                0x00004150                _global_impure_ptr
 *(.sdata2 .sdata2.* .gnu.linkonce.s2.*)
                0x00004154                . = ALIGN (0x4)
                0x00004154                _edata = ABSOLUTE (.)
                0x00004154                PROVIDE (edata, ABSOLUTE (.))
                0x00004154                PROVIDE (__ram_rwdata_end, ABSOLUTE (.))
                0x00004154                PROVIDE (__flash_rwdata_start, LOADADDR (.rwdata))

.bss            0x00005914      0x2ac
                0x00005914                __bss_start = ABSOLUTE (.)
                0x00005914                PROVIDE (__sbss_start, ABSOLUTE (.))
                0x00005914                PROVIDE (___sbss_start, ABSOLUTE (.))
 *(.dynsbss)
 *(.sbss .sbss.* .gnu.linkonce.sb.*)
 .sbss          0x00005914        0xc ../firstProject_bsp/\libhal_bsp.a(alt_main.o)
                0x00005914                alt_argc
                0x00005918                alt_argv
                0x0000591c                alt_envp
 .sbss          0x00005920        0x4 ../firstProject_bsp/\libhal_bsp.a(alt_irq_vars.o)
                0x00005920                alt_irq_active
 .sbss          0x00005924        0x8 ../firstProject_bsp/\libhal_bsp.a(alt_tick.o)
                0x00005924                _alt_tick_rate
                0x00005928                _alt_nticks
 .sbss          0x0000592c        0x4 c:/altera/11.0sp1/nios2eds/bin/gnu/h-i686-mingw32/bin/../lib/gcc/nios2-elf/4.1.2/../../../../nios2-elf/lib/mno-hw-mul\libc.a(lib_a-int_errno.o)
                0x0000592c                errno
 *(.sbss2 .sbss2.* .gnu.linkonce.sb2.*)
 *(.scommon)
                0x00005930                PROVIDE (__sbss_end, ABSOLUTE (.))
                0x00005930                PROVIDE (___sbss_end, ABSOLUTE (.))
 *(.dynbss)
 *(.bss .bss.* .gnu.linkonce.b.*)
 .bss           0x00005930        0x0 ../firstProject_bsp//obj/HAL/src/crt0.o
 .bss           0x00005930        0x0 ../firstProject_bsp/\libhal_bsp.a(alt_load.o)
 .bss           0x00005930        0x0 ../firstProject_bsp/\libhal_bsp.a(alt_main.o)
 .bss           0x00005930        0x0 ../firstProject_bsp/\libhal_bsp.a(alt_sys_init.o)
 .bss           0x00005930        0x0 ../firstProject_bsp/\libhal_bsp.a(altera_avalon_jtag_uart_fd.o)
 .bss           0x00005930        0x0 ../firstProject_bsp/\libhal_bsp.a(altera_avalon_jtag_uart_init.o)
 .bss           0x00005930        0x0 ../firstProject_bsp/\libhal_bsp.a(altera_avalon_jtag_uart_ioctl.o)
 .bss           0x00005930        0x0 ../firstProject_bsp/\libhal_bsp.a(altera_avalon_jtag_uart_read.o)
 .bss           0x00005930        0x0 ../firstProject_bsp/\libhal_bsp.a(altera_avalon_jtag_uart_write.o)
 .bss           0x00005930        0x0 ../firstProject_bsp/\libhal_bsp.a(altera_avalon_timer_sc.o)
 .bss           0x00005930        0x0 ../firstProject_bsp/\libhal_bsp.a(altera_up_avalon_rs232.o)
 .bss           0x00005930        0x0 ../firstProject_bsp/\libhal_bsp.a(alt_alarm_start.o)
 .bss           0x00005930        0x0 ../firstProject_bsp/\libhal_bsp.a(alt_close.o)
 .bss           0x00005930        0x0 ../firstProject_bsp/\libhal_bsp.a(alt_dcache_flush_all.o)
 .bss           0x00005930        0x0 ../firstProject_bsp/\libhal_bsp.a(alt_dev.o)
 .bss           0x00005930        0x0 ../firstProject_bsp/\libhal_bsp.a(alt_dev_llist_insert.o)
 .bss           0x00005930        0x0 ../firstProject_bsp/\libhal_bsp.a(alt_do_ctors.o)
 .bss           0x00005930        0x0 ../firstProject_bsp/\libhal_bsp.a(alt_do_dtors.o)
 .bss           0x00005930        0x0 ../firstProject_bsp/\libhal_bsp.a(alt_errno.o)
 .bss           0x00005930        0x0 ../firstProject_bsp/\libhal_bsp.a(alt_find_dev.o)
 .bss           0x00005930        0x0 ../firstProject_bsp/\libhal_bsp.a(alt_icache_flush_all.o)
 .bss           0x00005930        0x0 ../firstProject_bsp/\libhal_bsp.a(alt_io_redirect.o)
 .bss           0x00005930        0x0 ../firstProject_bsp/\libhal_bsp.a(alt_irq_register.o)
 .bss           0x00005930        0x0 ../firstProject_bsp/\libhal_bsp.a(alt_irq_vars.o)
 .bss           0x00005930        0x0 ../firstProject_bsp/\libhal_bsp.a(alt_open.o)
 .bss           0x00005930        0x0 ../firstProject_bsp/\libhal_bsp.a(alt_release_fd.o)
 .bss           0x00005930        0x0 ../firstProject_bsp/\libhal_bsp.a(alt_tick.o)
 .bss           0x00005930        0x0 ../firstProject_bsp/\libhal_bsp.a(altera_nios2_irq.o)
 .bss           0x00005930        0x0 ../firstProject_bsp/\libhal_bsp.a(alt_find_file.o)
 .bss           0x00005930        0x0 ../firstProject_bsp/\libhal_bsp.a(alt_get_fd.o)
 .bss           0x00005930        0x0 ../firstProject_bsp/\libhal_bsp.a(alt_irq_entry.o)
 .bss           0x00005930        0x0 ../firstProject_bsp/\libhal_bsp.a(alt_irq_handler.o)
 .bss           0x00005930        0x0 ../firstProject_bsp/\libhal_bsp.a(alt_exception_entry.o)
 .bss           0x00005930        0x0 c:/altera/11.0sp1/nios2eds/bin/gnu/h-i686-mingw32/bin/../lib/gcc/nios2-elf/4.1.2/../../../../nios2-elf/lib/mno-hw-mul\libc.a(lib_a-atexit.o)
 .bss           0x00005930        0x0 c:/altera/11.0sp1/nios2eds/bin/gnu/h-i686-mingw32/bin/../lib/gcc/nios2-elf/4.1.2/../../../../nios2-elf/lib/mno-hw-mul\libc.a(lib_a-exit.o)
 .bss           0x00005930        0x0 c:/altera/11.0sp1/nios2eds/bin/gnu/h-i686-mingw32/bin/../lib/gcc/nios2-elf/4.1.2/../../../../nios2-elf/lib/mno-hw-mul\libc.a(lib_a-impure.o)
 .bss           0x00005930        0x0 c:/altera/11.0sp1/nios2eds/bin/gnu/h-i686-mingw32/bin/../lib/gcc/nios2-elf/4.1.2/../../../../nios2-elf/lib/mno-hw-mul\libc.a(lib_a-int_errno.o)
 .bss           0x00005930        0x0 c:/altera/11.0sp1/nios2eds/bin/gnu/h-i686-mingw32/bin/../lib/gcc/nios2-elf/4.1.2/../../../../nios2-elf/lib/mno-hw-mul\libc.a(lib_a-memcmp.o)
 .bss           0x00005930        0x0 c:/altera/11.0sp1/nios2eds/bin/gnu/h-i686-mingw32/bin/../lib/gcc/nios2-elf/4.1.2/../../../../nios2-elf/lib/mno-hw-mul\libc.a(lib_a-memcpy.o)
 .bss           0x00005930        0x0 c:/altera/11.0sp1/nios2eds/bin/gnu/h-i686-mingw32/bin/../lib/gcc/nios2-elf/4.1.2/../../../../nios2-elf/lib/mno-hw-mul\libc.a(lib_a-strlen.o)
 .bss           0x00005930        0x0 c:/altera/11.0sp1/nios2eds/bin/gnu/h-i686-mingw32/bin/../lib/gcc/nios2-elf/4.1.2/../../../../nios2-elf/lib/mno-hw-mul\libc.a(lib_a-__atexit.o)
 .bss           0x00005930        0x0 c:/altera/11.0sp1/nios2eds/bin/gnu/h-i686-mingw32/bin/../lib/gcc/nios2-elf/4.1.2/../../../../nios2-elf/lib/mno-hw-mul\libc.a(lib_a-__call_atexit.o)
 .bss           0x00005930        0x0 c:/altera/11.0sp1/nios2eds/bin/gnu/h-i686-mingw32/bin/../lib/gcc/nios2-elf/4.1.2/mno-hw-mul\libgcc.a(lib2-mul.o)
 .bss           0x00005930        0x0 ../firstProject_bsp/\libhal_bsp.a(alt_exit.o)
 *(COMMON)
 COMMON         0x00005930      0x100 ../firstProject_bsp/\libhal_bsp.a(alt_irq_handler.o)
                0x00005930                alt_irq
 COMMON         0x00005a30      0x190 c:/altera/11.0sp1/nios2eds/bin/gnu/h-i686-mingw32/bin/../lib/gcc/nios2-elf/4.1.2/../../../../nios2-elf/lib/mno-hw-mul\libc.a(lib_a-atexit.o)
                0x00005a30                _atexit0
                0x00005bc0                . = ALIGN (0x4)
                0x00005bc0                __bss_end = ABSOLUTE (.)

.SDRAM          0x00005bc0        0x0
                0x00005bc0                PROVIDE (_alt_partition_SDRAM_start, ABSOLUTE (.))
 *(.SDRAM. SDRAM.*)
                0x00005bc0                . = ALIGN (0x4)
                0x00005bc0                PROVIDE (_alt_partition_SDRAM_end, ABSOLUTE (.))
                0x00005bc0                _end = ABSOLUTE (.)
                0x00005bc0                end = ABSOLUTE (.)
                0x00005bc0                __alt_stack_base = ABSOLUTE (.)
                0x00005bc0                PROVIDE (_alt_partition_SDRAM_load_addr, LOADADDR (.SDRAM))

.SRAM           0x08000000        0x0 load address 0x00005bc0
                0x08000000                PROVIDE (_alt_partition_SRAM_start, ABSOLUTE (.))
 *(.SRAM. SRAM.*)
                0x08000000                . = ALIGN (0x4)
                0x08000000                PROVIDE (_alt_partition_SRAM_end, ABSOLUTE (.))
                0x00005bc0                PROVIDE (_alt_partition_SRAM_load_addr, LOADADDR (.SRAM))

.Onchip_memory  0x09000000        0x0 load address 0x00005bc0
                0x09000000                PROVIDE (_alt_partition_Onchip_memory_start, ABSOLUTE (.))
 *(.Onchip_memory. Onchip_memory.*)
                0x09000000                . = ALIGN (0x4)
                0x09000000                PROVIDE (_alt_partition_Onchip_memory_end, ABSOLUTE (.))
                0x00005bc0                PROVIDE (_alt_partition_Onchip_memory_load_addr, LOADADDR (.Onchip_memory))

.stab
 *(.stab)

.stabstr
 *(.stabstr)

.stab.excl
 *(.stab.excl)

.stab.exclstr
 *(.stab.exclstr)

.stab.index
 *(.stab.index)

.stab.indexstr
 *(.stab.indexstr)

.comment        0x00000000       0x26
 *(.comment)
 .comment       0x00000000       0x26 ../firstProject_bsp/\libhal_bsp.a(alt_load.o)
                                 0x27 (size before relaxing)
 .comment       0x00000000       0x27 ../firstProject_bsp/\libhal_bsp.a(alt_main.o)
 .comment       0x00000000       0x27 ../firstProject_bsp/\libhal_bsp.a(alt_sys_init.o)
 .comment       0x00000000       0x27 ../firstProject_bsp/\libhal_bsp.a(altera_avalon_jtag_uart_fd.o)
 .comment       0x00000000       0x27 ../firstProject_bsp/\libhal_bsp.a(altera_avalon_jtag_uart_init.o)
 .comment       0x00000000       0x27 ../firstProject_bsp/\libhal_bsp.a(altera_avalon_jtag_uart_ioctl.o)
 .comment       0x00000000       0x27 ../firstProject_bsp/\libhal_bsp.a(altera_avalon_jtag_uart_read.o)
 .comment       0x00000000       0x27 ../firstProject_bsp/\libhal_bsp.a(altera_avalon_jtag_uart_write.o)
 .comment       0x00000000       0x27 ../firstProject_bsp/\libhal_bsp.a(altera_avalon_timer_sc.o)
 .comment       0x00000000       0x27 ../firstProject_bsp/\libhal_bsp.a(altera_up_avalon_rs232.o)
 .comment       0x00000000       0x27 ../firstProject_bsp/\libhal_bsp.a(alt_alarm_start.o)
 .comment       0x00000000       0x27 ../firstProject_bsp/\libhal_bsp.a(alt_close.o)
 .comment       0x00000000       0x27 ../firstProject_bsp/\libhal_bsp.a(alt_dcache_flush_all.o)
 .comment       0x00000000       0x27 ../firstProject_bsp/\libhal_bsp.a(alt_dev.o)
 .comment       0x00000000       0x27 ../firstProject_bsp/\libhal_bsp.a(alt_dev_llist_insert.o)
 .comment       0x00000000       0x27 ../firstProject_bsp/\libhal_bsp.a(alt_do_ctors.o)
 .comment       0x00000000       0x27 ../firstProject_bsp/\libhal_bsp.a(alt_do_dtors.o)
 .comment       0x00000000       0x27 ../firstProject_bsp/\libhal_bsp.a(alt_errno.o)
 .comment       0x00000000       0x27 ../firstProject_bsp/\libhal_bsp.a(alt_find_dev.o)
 .comment       0x00000000       0x27 ../firstProject_bsp/\libhal_bsp.a(alt_icache_flush_all.o)
 .comment       0x00000000       0x27 ../firstProject_bsp/\libhal_bsp.a(alt_io_redirect.o)
 .comment       0x00000000       0x27 ../firstProject_bsp/\libhal_bsp.a(alt_irq_register.o)
 .comment       0x00000000       0x27 ../firstProject_bsp/\libhal_bsp.a(alt_irq_vars.o)
 .comment       0x00000000       0x27 ../firstProject_bsp/\libhal_bsp.a(alt_open.o)
 .comment       0x00000000       0x27 ../firstProject_bsp/\libhal_bsp.a(alt_release_fd.o)
 .comment       0x00000000       0x27 ../firstProject_bsp/\libhal_bsp.a(alt_tick.o)
 .comment       0x00000000       0x27 ../firstProject_bsp/\libhal_bsp.a(altera_nios2_irq.o)
 .comment       0x00000000       0x27 ../firstProject_bsp/\libhal_bsp.a(alt_find_file.o)
 .comment       0x00000000       0x27 ../firstProject_bsp/\libhal_bsp.a(alt_get_fd.o)
 .comment       0x00000000       0x27 ../firstProject_bsp/\libhal_bsp.a(alt_irq_handler.o)
 .comment       0x00000000       0x27 c:/altera/11.0sp1/nios2eds/bin/gnu/h-i686-mingw32/bin/../lib/gcc/nios2-elf/4.1.2/../../../../nios2-elf/lib/mno-hw-mul\libc.a(lib_a-atexit.o)
 .comment       0x00000000       0x27 c:/altera/11.0sp1/nios2eds/bin/gnu/h-i686-mingw32/bin/../lib/gcc/nios2-elf/4.1.2/../../../../nios2-elf/lib/mno-hw-mul\libc.a(lib_a-exit.o)
 .comment       0x00000000       0x27 c:/altera/11.0sp1/nios2eds/bin/gnu/h-i686-mingw32/bin/../lib/gcc/nios2-elf/4.1.2/../../../../nios2-elf/lib/mno-hw-mul\libc.a(lib_a-impure.o)
 .comment       0x00000000       0x27 c:/altera/11.0sp1/nios2eds/bin/gnu/h-i686-mingw32/bin/../lib/gcc/nios2-elf/4.1.2/../../../../nios2-elf/lib/mno-hw-mul\libc.a(lib_a-int_errno.o)
 .comment       0x00000000       0x27 c:/altera/11.0sp1/nios2eds/bin/gnu/h-i686-mingw32/bin/../lib/gcc/nios2-elf/4.1.2/../../../../nios2-elf/lib/mno-hw-mul\libc.a(lib_a-memcmp.o)
 .comment       0x00000000       0x27 c:/altera/11.0sp1/nios2eds/bin/gnu/h-i686-mingw32/bin/../lib/gcc/nios2-elf/4.1.2/../../../../nios2-elf/lib/mno-hw-mul\libc.a(lib_a-memcpy.o)
 .comment       0x00000000       0x27 c:/altera/11.0sp1/nios2eds/bin/gnu/h-i686-mingw32/bin/../lib/gcc/nios2-elf/4.1.2/../../../../nios2-elf/lib/mno-hw-mul\libc.a(lib_a-strlen.o)
 .comment       0x00000000       0x27 c:/altera/11.0sp1/nios2eds/bin/gnu/h-i686-mingw32/bin/../lib/gcc/nios2-elf/4.1.2/../../../../nios2-elf/lib/mno-hw-mul\libc.a(lib_a-__atexit.o)
 .comment       0x00000000       0x27 c:/altera/11.0sp1/nios2eds/bin/gnu/h-i686-mingw32/bin/../lib/gcc/nios2-elf/4.1.2/../../../../nios2-elf/lib/mno-hw-mul\libc.a(lib_a-__call_atexit.o)
 .comment       0x00000000       0x27 c:/altera/11.0sp1/nios2eds/bin/gnu/h-i686-mingw32/bin/../lib/gcc/nios2-elf/4.1.2/mno-hw-mul\libgcc.a(lib2-mul.o)
 .comment       0x00000000       0x27 ../firstProject_bsp/\libhal_bsp.a(alt_exit.o)

.debug
 *(.debug)

.line
 *(.line)

.debug_srcinfo
 *(.debug_srcinfo)

.debug_sfnames
 *(.debug_sfnames)

.debug_aranges  0x00000000      0x538
 *(.debug_aranges)
 .debug_aranges
                0x00000000       0x28 ../firstProject_bsp//obj/HAL/src/crt0.o
 .debug_aranges
                0x00000028       0x20 ../firstProject_bsp/\libhal_bsp.a(alt_load.o)
 .debug_aranges
                0x00000048       0x20 ../firstProject_bsp/\libhal_bsp.a(alt_main.o)
 .debug_aranges
                0x00000068       0x20 ../firstProject_bsp/\libhal_bsp.a(alt_sys_init.o)
 .debug_aranges
                0x00000088       0x20 ../firstProject_bsp/\libhal_bsp.a(altera_avalon_jtag_uart_fd.o)
 .debug_aranges
                0x000000a8       0x20 ../firstProject_bsp/\libhal_bsp.a(altera_avalon_jtag_uart_init.o)
 .debug_aranges
                0x000000c8       0x20 ../firstProject_bsp/\libhal_bsp.a(altera_avalon_jtag_uart_ioctl.o)
 .debug_aranges
                0x000000e8       0x20 ../firstProject_bsp/\libhal_bsp.a(altera_avalon_jtag_uart_read.o)
 .debug_aranges
                0x00000108       0x20 ../firstProject_bsp/\libhal_bsp.a(altera_avalon_jtag_uart_write.o)
 .debug_aranges
                0x00000128       0x20 ../firstProject_bsp/\libhal_bsp.a(altera_avalon_timer_sc.o)
 .debug_aranges
                0x00000148       0x20 ../firstProject_bsp/\libhal_bsp.a(altera_up_avalon_rs232.o)
 .debug_aranges
                0x00000168       0x20 ../firstProject_bsp/\libhal_bsp.a(alt_alarm_start.o)
 .debug_aranges
                0x00000188       0x20 ../firstProject_bsp/\libhal_bsp.a(alt_close.o)
 .debug_aranges
                0x000001a8       0x20 ../firstProject_bsp/\libhal_bsp.a(alt_dcache_flush_all.o)
 .debug_aranges
                0x000001c8       0x20 ../firstProject_bsp/\libhal_bsp.a(alt_dev.o)
 .debug_aranges
                0x000001e8       0x20 ../firstProject_bsp/\libhal_bsp.a(alt_dev_llist_insert.o)
 .debug_aranges
                0x00000208       0x20 ../firstProject_bsp/\libhal_bsp.a(alt_do_ctors.o)
 .debug_aranges
                0x00000228       0x20 ../firstProject_bsp/\libhal_bsp.a(alt_do_dtors.o)
 .debug_aranges
                0x00000248       0x20 ../firstProject_bsp/\libhal_bsp.a(alt_find_dev.o)
 .debug_aranges
                0x00000268       0x20 ../firstProject_bsp/\libhal_bsp.a(alt_icache_flush_all.o)
 .debug_aranges
                0x00000288       0x20 ../firstProject_bsp/\libhal_bsp.a(alt_io_redirect.o)
 .debug_aranges
                0x000002a8       0x20 ../firstProject_bsp/\libhal_bsp.a(alt_irq_register.o)
 .debug_aranges
                0x000002c8       0x20 ../firstProject_bsp/\libhal_bsp.a(alt_open.o)
 .debug_aranges
                0x000002e8       0x20 ../firstProject_bsp/\libhal_bsp.a(alt_release_fd.o)
 .debug_aranges
                0x00000308       0x20 ../firstProject_bsp/\libhal_bsp.a(alt_tick.o)
 .debug_aranges
                0x00000328       0x20 ../firstProject_bsp/\libhal_bsp.a(altera_nios2_irq.o)
 .debug_aranges
                0x00000348       0x20 ../firstProject_bsp/\libhal_bsp.a(alt_find_file.o)
 .debug_aranges
                0x00000368       0x20 ../firstProject_bsp/\libhal_bsp.a(alt_get_fd.o)
 .debug_aranges
                0x00000388       0x30 ../firstProject_bsp/\libhal_bsp.a(alt_irq_entry.o)
 .debug_aranges
                0x000003b8       0x28 ../firstProject_bsp/\libhal_bsp.a(alt_irq_handler.o)
 .debug_aranges
                0x000003e0       0x38 ../firstProject_bsp/\libhal_bsp.a(alt_exception_entry.o)
 .debug_aranges
                0x00000418       0x20 c:/altera/11.0sp1/nios2eds/bin/gnu/h-i686-mingw32/bin/../lib/gcc/nios2-elf/4.1.2/../../../../nios2-elf/lib/mno-hw-mul\libc.a(lib_a-atexit.o)
 .debug_aranges
                0x00000438       0x20 c:/altera/11.0sp1/nios2eds/bin/gnu/h-i686-mingw32/bin/../lib/gcc/nios2-elf/4.1.2/../../../../nios2-elf/lib/mno-hw-mul\libc.a(lib_a-exit.o)
 .debug_aranges
                0x00000458       0x20 c:/altera/11.0sp1/nios2eds/bin/gnu/h-i686-mingw32/bin/../lib/gcc/nios2-elf/4.1.2/../../../../nios2-elf/lib/mno-hw-mul\libc.a(lib_a-memcmp.o)
 .debug_aranges
                0x00000478       0x20 c:/altera/11.0sp1/nios2eds/bin/gnu/h-i686-mingw32/bin/../lib/gcc/nios2-elf/4.1.2/../../../../nios2-elf/lib/mno-hw-mul\libc.a(lib_a-memcpy.o)
 .debug_aranges
                0x00000498       0x20 c:/altera/11.0sp1/nios2eds/bin/gnu/h-i686-mingw32/bin/../lib/gcc/nios2-elf/4.1.2/../../../../nios2-elf/lib/mno-hw-mul\libc.a(lib_a-strlen.o)
 .debug_aranges
                0x000004b8       0x20 c:/altera/11.0sp1/nios2eds/bin/gnu/h-i686-mingw32/bin/../lib/gcc/nios2-elf/4.1.2/../../../../nios2-elf/lib/mno-hw-mul\libc.a(lib_a-__atexit.o)
 .debug_aranges
                0x000004d8       0x20 c:/altera/11.0sp1/nios2eds/bin/gnu/h-i686-mingw32/bin/../lib/gcc/nios2-elf/4.1.2/../../../../nios2-elf/lib/mno-hw-mul\libc.a(lib_a-__call_atexit.o)
 .debug_aranges
                0x000004f8       0x20 c:/altera/11.0sp1/nios2eds/bin/gnu/h-i686-mingw32/bin/../lib/gcc/nios2-elf/4.1.2/mno-hw-mul\libgcc.a(lib2-mul.o)
 .debug_aranges
                0x00000518       0x20 ../firstProject_bsp/\libhal_bsp.a(alt_exit.o)

.debug_pubnames
                0x00000000      0x8b9
 *(.debug_pubnames)
 .debug_pubnames
                0x00000000       0x1f ../firstProject_bsp/\libhal_bsp.a(alt_load.o)
 .debug_pubnames
                0x0000001f       0x46 ../firstProject_bsp/\libhal_bsp.a(alt_main.o)
 .debug_pubnames
                0x00000065       0x34 ../firstProject_bsp/\libhal_bsp.a(alt_sys_init.o)
 .debug_pubnames
                0x00000099       0xa5 ../firstProject_bsp/\libhal_bsp.a(altera_avalon_jtag_uart_fd.o)
 .debug_pubnames
                0x0000013e       0x55 ../firstProject_bsp/\libhal_bsp.a(altera_avalon_jtag_uart_init.o)
 .debug_pubnames
                0x00000193       0x34 ../firstProject_bsp/\libhal_bsp.a(altera_avalon_jtag_uart_ioctl.o)
 .debug_pubnames
                0x000001c7       0x33 ../firstProject_bsp/\libhal_bsp.a(altera_avalon_jtag_uart_read.o)
 .debug_pubnames
                0x000001fa       0x34 ../firstProject_bsp/\libhal_bsp.a(altera_avalon_jtag_uart_write.o)
 .debug_pubnames
                0x0000022e       0x2f ../firstProject_bsp/\libhal_bsp.a(altera_avalon_timer_sc.o)
 .debug_pubnames
                0x0000025d      0x163 ../firstProject_bsp/\libhal_bsp.a(altera_up_avalon_rs232.o)
 .debug_pubnames
                0x000003c0       0x26 ../firstProject_bsp/\libhal_bsp.a(alt_alarm_start.o)
 .debug_pubnames
                0x000003e6       0x1c ../firstProject_bsp/\libhal_bsp.a(alt_close.o)
 .debug_pubnames
                0x00000402       0x2b ../firstProject_bsp/\libhal_bsp.a(alt_dcache_flush_all.o)
 .debug_pubnames
                0x0000042d       0x63 ../firstProject_bsp/\libhal_bsp.a(alt_dev.o)
 .debug_pubnames
                0x00000490       0x2b ../firstProject_bsp/\libhal_bsp.a(alt_dev_llist_insert.o)
 .debug_pubnames
                0x000004bb       0x20 ../firstProject_bsp/\libhal_bsp.a(alt_do_ctors.o)
 .debug_pubnames
                0x000004db       0x20 ../firstProject_bsp/\libhal_bsp.a(alt_do_dtors.o)
 .debug_pubnames
                0x000004fb       0x20 ../firstProject_bsp/\libhal_bsp.a(alt_errno.o)
 .debug_pubnames
                0x0000051b       0x23 ../firstProject_bsp/\libhal_bsp.a(alt_find_dev.o)
 .debug_pubnames
                0x0000053e       0x2b ../firstProject_bsp/\libhal_bsp.a(alt_icache_flush_all.o)
 .debug_pubnames
                0x00000569       0x26 ../firstProject_bsp/\libhal_bsp.a(alt_io_redirect.o)
 .debug_pubnames
                0x0000058f       0x27 ../firstProject_bsp/\libhal_bsp.a(alt_irq_register.o)
 .debug_pubnames
                0x000005b6       0x3b ../firstProject_bsp/\libhal_bsp.a(alt_irq_vars.o)
 .debug_pubnames
                0x000005f1       0x1b ../firstProject_bsp/\libhal_bsp.a(alt_open.o)
 .debug_pubnames
                0x0000060c       0x25 ../firstProject_bsp/\libhal_bsp.a(alt_release_fd.o)
 .debug_pubnames
                0x00000631       0x68 ../firstProject_bsp/\libhal_bsp.a(alt_tick.o)
 .debug_pubnames
                0x00000699       0x2c ../firstProject_bsp/\libhal_bsp.a(altera_nios2_irq.o)
 .debug_pubnames
                0x000006c5       0x24 ../firstProject_bsp/\libhal_bsp.a(alt_find_file.o)
 .debug_pubnames
                0x000006e9       0x21 ../firstProject_bsp/\libhal_bsp.a(alt_get_fd.o)
 .debug_pubnames
                0x0000070a       0x32 ../firstProject_bsp/\libhal_bsp.a(alt_irq_handler.o)
 .debug_pubnames
                0x0000073c       0x2a c:/altera/11.0sp1/nios2eds/bin/gnu/h-i686-mingw32/bin/../lib/gcc/nios2-elf/4.1.2/../../../../nios2-elf/lib/mno-hw-mul\libc.a(lib_a-atexit.o)
 .debug_pubnames
                0x00000766       0x1b c:/altera/11.0sp1/nios2eds/bin/gnu/h-i686-mingw32/bin/../lib/gcc/nios2-elf/4.1.2/../../../../nios2-elf/lib/mno-hw-mul\libc.a(lib_a-exit.o)
 .debug_pubnames
                0x00000781       0x39 c:/altera/11.0sp1/nios2eds/bin/gnu/h-i686-mingw32/bin/../lib/gcc/nios2-elf/4.1.2/../../../../nios2-elf/lib/mno-hw-mul\libc.a(lib_a-impure.o)
 .debug_pubnames
                0x000007ba       0x1c c:/altera/11.0sp1/nios2eds/bin/gnu/h-i686-mingw32/bin/../lib/gcc/nios2-elf/4.1.2/../../../../nios2-elf/lib/mno-hw-mul\libc.a(lib_a-int_errno.o)
 .debug_pubnames
                0x000007d6       0x1d c:/altera/11.0sp1/nios2eds/bin/gnu/h-i686-mingw32/bin/../lib/gcc/nios2-elf/4.1.2/../../../../nios2-elf/lib/mno-hw-mul\libc.a(lib_a-memcmp.o)
 .debug_pubnames
                0x000007f3       0x1d c:/altera/11.0sp1/nios2eds/bin/gnu/h-i686-mingw32/bin/../lib/gcc/nios2-elf/4.1.2/../../../../nios2-elf/lib/mno-hw-mul\libc.a(lib_a-memcpy.o)
 .debug_pubnames
                0x00000810       0x1d c:/altera/11.0sp1/nios2eds/bin/gnu/h-i686-mingw32/bin/../lib/gcc/nios2-elf/4.1.2/../../../../nios2-elf/lib/mno-hw-mul\libc.a(lib_a-strlen.o)
 .debug_pubnames
                0x0000082d       0x2a c:/altera/11.0sp1/nios2eds/bin/gnu/h-i686-mingw32/bin/../lib/gcc/nios2-elf/4.1.2/../../../../nios2-elf/lib/mno-hw-mul\libc.a(lib_a-__atexit.o)
 .debug_pubnames
                0x00000857       0x27 c:/altera/11.0sp1/nios2eds/bin/gnu/h-i686-mingw32/bin/../lib/gcc/nios2-elf/4.1.2/../../../../nios2-elf/lib/mno-hw-mul\libc.a(lib_a-__call_atexit.o)
 .debug_pubnames
                0x0000087e       0x1f c:/altera/11.0sp1/nios2eds/bin/gnu/h-i686-mingw32/bin/../lib/gcc/nios2-elf/4.1.2/mno-hw-mul\libgcc.a(lib2-mul.o)
 .debug_pubnames
                0x0000089d       0x1c ../firstProject_bsp/\libhal_bsp.a(alt_exit.o)

.debug_info     0x00000000     0xa63e
 *(.debug_info .gnu.linkonce.wi.*)
 .debug_info    0x00000000       0x6a ../firstProject_bsp//obj/HAL/src/crt0.o
 .debug_info    0x0000006a      0x27c ../firstProject_bsp/\libhal_bsp.a(alt_load.o)
 .debug_info    0x000002e6      0x25b ../firstProject_bsp/\libhal_bsp.a(alt_main.o)
 .debug_info    0x00000541      0x88d ../firstProject_bsp/\libhal_bsp.a(alt_sys_init.o)
 .debug_info    0x00000dce      0x7c8 ../firstProject_bsp/\libhal_bsp.a(altera_avalon_jtag_uart_fd.o)
 .debug_info    0x00001596      0x630 ../firstProject_bsp/\libhal_bsp.a(altera_avalon_jtag_uart_init.o)
 .debug_info    0x00001bc6      0x432 ../firstProject_bsp/\libhal_bsp.a(altera_avalon_jtag_uart_ioctl.o)
 .debug_info    0x00001ff8      0x568 ../firstProject_bsp/\libhal_bsp.a(altera_avalon_jtag_uart_read.o)
 .debug_info    0x00002560      0x560 ../firstProject_bsp/\libhal_bsp.a(altera_avalon_jtag_uart_write.o)
 .debug_info    0x00002ac0      0x3ba ../firstProject_bsp/\libhal_bsp.a(altera_avalon_timer_sc.o)
 .debug_info    0x00002e7a      0x7ce ../firstProject_bsp/\libhal_bsp.a(altera_up_avalon_rs232.o)
 .debug_info    0x00003648      0x464 ../firstProject_bsp/\libhal_bsp.a(alt_alarm_start.o)
 .debug_info    0x00003aac      0x456 ../firstProject_bsp/\libhal_bsp.a(alt_close.o)
 .debug_info    0x00003f02      0x14b ../firstProject_bsp/\libhal_bsp.a(alt_dcache_flush_all.o)
 .debug_info    0x0000404d      0x66e ../firstProject_bsp/\libhal_bsp.a(alt_dev.o)
 .debug_info    0x000046bb      0x2a6 ../firstProject_bsp/\libhal_bsp.a(alt_dev_llist_insert.o)
 .debug_info    0x00004961       0xfe ../firstProject_bsp/\libhal_bsp.a(alt_do_ctors.o)
 .debug_info    0x00004a5f       0xfd ../firstProject_bsp/\libhal_bsp.a(alt_do_dtors.o)
 .debug_info    0x00004b5c      0x153 ../firstProject_bsp/\libhal_bsp.a(alt_errno.o)
 .debug_info    0x00004caf      0x407 ../firstProject_bsp/\libhal_bsp.a(alt_find_dev.o)
 .debug_info    0x000050b6      0x14b ../firstProject_bsp/\libhal_bsp.a(alt_icache_flush_all.o)
 .debug_info    0x00005201      0x684 ../firstProject_bsp/\libhal_bsp.a(alt_io_redirect.o)
 .debug_info    0x00005885      0x41e ../firstProject_bsp/\libhal_bsp.a(alt_irq_register.o)
 .debug_info    0x00005ca3      0x156 ../firstProject_bsp/\libhal_bsp.a(alt_irq_vars.o)
 .debug_info    0x00005df9      0x514 ../firstProject_bsp/\libhal_bsp.a(alt_open.o)
 .debug_info    0x0000630d      0x3e1 ../firstProject_bsp/\libhal_bsp.a(alt_release_fd.o)
 .debug_info    0x000066ee      0x420 ../firstProject_bsp/\libhal_bsp.a(alt_tick.o)
 .debug_info    0x00006b0e      0x18f ../firstProject_bsp/\libhal_bsp.a(altera_nios2_irq.o)
 .debug_info    0x00006c9d      0x40e ../firstProject_bsp/\libhal_bsp.a(alt_find_file.o)
 .debug_info    0x000070ab      0x44f ../firstProject_bsp/\libhal_bsp.a(alt_get_fd.o)
 .debug_info    0x000074fa       0x73 ../firstProject_bsp/\libhal_bsp.a(alt_irq_entry.o)
 .debug_info    0x0000756d      0x2a1 ../firstProject_bsp/\libhal_bsp.a(alt_irq_handler.o)
 .debug_info    0x0000780e       0x79 ../firstProject_bsp/\libhal_bsp.a(alt_exception_entry.o)
 .debug_info    0x00007887      0x181 c:/altera/11.0sp1/nios2eds/bin/gnu/h-i686-mingw32/bin/../lib/gcc/nios2-elf/4.1.2/../../../../nios2-elf/lib/mno-hw-mul\libc.a(lib_a-atexit.o)
 .debug_info    0x00007a08      0x93f c:/altera/11.0sp1/nios2eds/bin/gnu/h-i686-mingw32/bin/../lib/gcc/nios2-elf/4.1.2/../../../../nios2-elf/lib/mno-hw-mul\libc.a(lib_a-exit.o)
 .debug_info    0x00008347      0x93d c:/altera/11.0sp1/nios2eds/bin/gnu/h-i686-mingw32/bin/../lib/gcc/nios2-elf/4.1.2/../../../../nios2-elf/lib/mno-hw-mul\libc.a(lib_a-impure.o)
 .debug_info    0x00008c84       0x8c c:/altera/11.0sp1/nios2eds/bin/gnu/h-i686-mingw32/bin/../lib/gcc/nios2-elf/4.1.2/../../../../nios2-elf/lib/mno-hw-mul\libc.a(lib_a-int_errno.o)
 .debug_info    0x00008d10      0x115 c:/altera/11.0sp1/nios2eds/bin/gnu/h-i686-mingw32/bin/../lib/gcc/nios2-elf/4.1.2/../../../../nios2-elf/lib/mno-hw-mul\libc.a(lib_a-memcmp.o)
 .debug_info    0x00008e25      0x106 c:/altera/11.0sp1/nios2eds/bin/gnu/h-i686-mingw32/bin/../lib/gcc/nios2-elf/4.1.2/../../../../nios2-elf/lib/mno-hw-mul\libc.a(lib_a-memcpy.o)
 .debug_info    0x00008f2b       0xdb c:/altera/11.0sp1/nios2eds/bin/gnu/h-i686-mingw32/bin/../lib/gcc/nios2-elf/4.1.2/../../../../nios2-elf/lib/mno-hw-mul\libc.a(lib_a-strlen.o)
 .debug_info    0x00009006      0x99c c:/altera/11.0sp1/nios2eds/bin/gnu/h-i686-mingw32/bin/../lib/gcc/nios2-elf/4.1.2/../../../../nios2-elf/lib/mno-hw-mul\libc.a(lib_a-__atexit.o)
 .debug_info    0x000099a2      0x9e2 c:/altera/11.0sp1/nios2eds/bin/gnu/h-i686-mingw32/bin/../lib/gcc/nios2-elf/4.1.2/../../../../nios2-elf/lib/mno-hw-mul\libc.a(lib_a-__call_atexit.o)
 .debug_info    0x0000a384       0xf3 c:/altera/11.0sp1/nios2eds/bin/gnu/h-i686-mingw32/bin/../lib/gcc/nios2-elf/4.1.2/mno-hw-mul\libgcc.a(lib2-mul.o)
 .debug_info    0x0000a477      0x1c7 ../firstProject_bsp/\libhal_bsp.a(alt_exit.o)

.debug_abbrev   0x00000000     0x25c0
 *(.debug_abbrev)
 .debug_abbrev  0x00000000       0x12 ../firstProject_bsp//obj/HAL/src/crt0.o
 .debug_abbrev  0x00000012       0x88 ../firstProject_bsp/\libhal_bsp.a(alt_load.o)
 .debug_abbrev  0x0000009a       0xbe ../firstProject_bsp/\libhal_bsp.a(alt_main.o)
 .debug_abbrev  0x00000158      0x15e ../firstProject_bsp/\libhal_bsp.a(alt_sys_init.o)
 .debug_abbrev  0x000002b6       0xf7 ../firstProject_bsp/\libhal_bsp.a(altera_avalon_jtag_uart_fd.o)
 .debug_abbrev  0x000003ad      0x17c ../firstProject_bsp/\libhal_bsp.a(altera_avalon_jtag_uart_init.o)
 .debug_abbrev  0x00000529       0xf0 ../firstProject_bsp/\libhal_bsp.a(altera_avalon_jtag_uart_ioctl.o)
 .debug_abbrev  0x00000619      0x191 ../firstProject_bsp/\libhal_bsp.a(altera_avalon_jtag_uart_read.o)
 .debug_abbrev  0x000007aa      0x18d ../firstProject_bsp/\libhal_bsp.a(altera_avalon_jtag_uart_write.o)
 .debug_abbrev  0x00000937      0x137 ../firstProject_bsp/\libhal_bsp.a(altera_avalon_timer_sc.o)
 .debug_abbrev  0x00000a6e      0x120 ../firstProject_bsp/\libhal_bsp.a(altera_up_avalon_rs232.o)
 .debug_abbrev  0x00000b8e      0x172 ../firstProject_bsp/\libhal_bsp.a(alt_alarm_start.o)
 .debug_abbrev  0x00000d00       0xfb ../firstProject_bsp/\libhal_bsp.a(alt_close.o)
 .debug_abbrev  0x00000dfb       0x3f ../firstProject_bsp/\libhal_bsp.a(alt_dcache_flush_all.o)
 .debug_abbrev  0x00000e3a       0xc7 ../firstProject_bsp/\libhal_bsp.a(alt_dev.o)
 .debug_abbrev  0x00000f01       0xf6 ../firstProject_bsp/\libhal_bsp.a(alt_dev_llist_insert.o)
 .debug_abbrev  0x00000ff7       0x76 ../firstProject_bsp/\libhal_bsp.a(alt_do_ctors.o)
 .debug_abbrev  0x0000106d       0x76 ../firstProject_bsp/\libhal_bsp.a(alt_do_dtors.o)
 .debug_abbrev  0x000010e3       0x5e ../firstProject_bsp/\libhal_bsp.a(alt_errno.o)
 .debug_abbrev  0x00001141       0xcf ../firstProject_bsp/\libhal_bsp.a(alt_find_dev.o)
 .debug_abbrev  0x00001210       0x3f ../firstProject_bsp/\libhal_bsp.a(alt_icache_flush_all.o)
 .debug_abbrev  0x0000124f       0xf0 ../firstProject_bsp/\libhal_bsp.a(alt_io_redirect.o)
 .debug_abbrev  0x0000133f      0x180 ../firstProject_bsp/\libhal_bsp.a(alt_irq_register.o)
 .debug_abbrev  0x000014bf       0x44 ../firstProject_bsp/\libhal_bsp.a(alt_irq_vars.o)
 .debug_abbrev  0x00001503      0x112 ../firstProject_bsp/\libhal_bsp.a(alt_open.o)
 .debug_abbrev  0x00001615       0xc1 ../firstProject_bsp/\libhal_bsp.a(alt_release_fd.o)
 .debug_abbrev  0x000016d6      0x161 ../firstProject_bsp/\libhal_bsp.a(alt_tick.o)
 .debug_abbrev  0x00001837       0x64 ../firstProject_bsp/\libhal_bsp.a(altera_nios2_irq.o)
 .debug_abbrev  0x0000189b       0xcf ../firstProject_bsp/\libhal_bsp.a(alt_find_file.o)
 .debug_abbrev  0x0000196a       0xfb ../firstProject_bsp/\libhal_bsp.a(alt_get_fd.o)
 .debug_abbrev  0x00001a65       0x12 ../firstProject_bsp/\libhal_bsp.a(alt_irq_entry.o)
 .debug_abbrev  0x00001a77      0x124 ../firstProject_bsp/\libhal_bsp.a(alt_irq_handler.o)
 .debug_abbrev  0x00001b9b       0x12 ../firstProject_bsp/\libhal_bsp.a(alt_exception_entry.o)
 .debug_abbrev  0x00001bad       0xb7 c:/altera/11.0sp1/nios2eds/bin/gnu/h-i686-mingw32/bin/../lib/gcc/nios2-elf/4.1.2/../../../../nios2-elf/lib/mno-hw-mul\libc.a(lib_a-atexit.o)
 .debug_abbrev  0x00001c64      0x16e c:/altera/11.0sp1/nios2eds/bin/gnu/h-i686-mingw32/bin/../lib/gcc/nios2-elf/4.1.2/../../../../nios2-elf/lib/mno-hw-mul\libc.a(lib_a-exit.o)
 .debug_abbrev  0x00001dd2      0x157 c:/altera/11.0sp1/nios2eds/bin/gnu/h-i686-mingw32/bin/../lib/gcc/nios2-elf/4.1.2/../../../../nios2-elf/lib/mno-hw-mul\libc.a(lib_a-impure.o)
 .debug_abbrev  0x00001f29       0x3b c:/altera/11.0sp1/nios2eds/bin/gnu/h-i686-mingw32/bin/../lib/gcc/nios2-elf/4.1.2/../../../../nios2-elf/lib/mno-hw-mul\libc.a(lib_a-int_errno.o)
 .debug_abbrev  0x00001f64       0x7c c:/altera/11.0sp1/nios2eds/bin/gnu/h-i686-mingw32/bin/../lib/gcc/nios2-elf/4.1.2/../../../../nios2-elf/lib/mno-hw-mul\libc.a(lib_a-memcmp.o)
 .debug_abbrev  0x00001fe0       0xb5 c:/altera/11.0sp1/nios2eds/bin/gnu/h-i686-mingw32/bin/../lib/gcc/nios2-elf/4.1.2/../../../../nios2-elf/lib/mno-hw-mul\libc.a(lib_a-memcpy.o)
 .debug_abbrev  0x00002095       0x8b c:/altera/11.0sp1/nios2eds/bin/gnu/h-i686-mingw32/bin/../lib/gcc/nios2-elf/4.1.2/../../../../nios2-elf/lib/mno-hw-mul\libc.a(lib_a-strlen.o)
 .debug_abbrev  0x00002120      0x1ae c:/altera/11.0sp1/nios2eds/bin/gnu/h-i686-mingw32/bin/../lib/gcc/nios2-elf/4.1.2/../../../../nios2-elf/lib/mno-hw-mul\libc.a(lib_a-__atexit.o)
 .debug_abbrev  0x000022ce      0x1de c:/altera/11.0sp1/nios2eds/bin/gnu/h-i686-mingw32/bin/../lib/gcc/nios2-elf/4.1.2/../../../../nios2-elf/lib/mno-hw-mul\libc.a(lib_a-__call_atexit.o)
 .debug_abbrev  0x000024ac       0x7b c:/altera/11.0sp1/nios2eds/bin/gnu/h-i686-mingw32/bin/../lib/gcc/nios2-elf/4.1.2/mno-hw-mul\libgcc.a(lib2-mul.o)
 .debug_abbrev  0x00002527       0x99 ../firstProject_bsp/\libhal_bsp.a(alt_exit.o)

.debug_line     0x00000000     0x6488
 *(.debug_line)
 .debug_line    0x00000000       0x66 ../firstProject_bsp//obj/HAL/src/crt0.o
 .debug_line    0x00000066      0x217 ../firstProject_bsp/\libhal_bsp.a(alt_load.o)
 .debug_line    0x0000027d      0x2de ../firstProject_bsp/\libhal_bsp.a(alt_main.o)
 .debug_line    0x0000055b      0x368 ../firstProject_bsp/\libhal_bsp.a(alt_sys_init.o)
 .debug_line    0x000008c3      0x217 ../firstProject_bsp/\libhal_bsp.a(altera_avalon_jtag_uart_fd.o)
 .debug_line    0x00000ada      0x4bf ../firstProject_bsp/\libhal_bsp.a(altera_avalon_jtag_uart_init.o)
 .debug_line    0x00000f99      0x317 ../firstProject_bsp/\libhal_bsp.a(altera_avalon_jtag_uart_ioctl.o)
 .debug_line    0x000012b0      0x40b ../firstProject_bsp/\libhal_bsp.a(altera_avalon_jtag_uart_read.o)
 .debug_line    0x000016bb      0x419 ../firstProject_bsp/\libhal_bsp.a(altera_avalon_jtag_uart_write.o)
 .debug_line    0x00001ad4      0x2ca ../firstProject_bsp/\libhal_bsp.a(altera_avalon_timer_sc.o)
 .debug_line    0x00001d9e      0x3e9 ../firstProject_bsp/\libhal_bsp.a(altera_up_avalon_rs232.o)
 .debug_line    0x00002187      0x2f5 ../firstProject_bsp/\libhal_bsp.a(alt_alarm_start.o)
 .debug_line    0x0000247c      0x299 ../firstProject_bsp/\libhal_bsp.a(alt_close.o)
 .debug_line    0x00002715      0x1b5 ../firstProject_bsp/\libhal_bsp.a(alt_dcache_flush_all.o)
 .debug_line    0x000028ca      0x254 ../firstProject_bsp/\libhal_bsp.a(alt_dev.o)
 .debug_line    0x00002b1e      0x25a ../firstProject_bsp/\libhal_bsp.a(alt_dev_llist_insert.o)
 .debug_line    0x00002d78       0x83 ../firstProject_bsp/\libhal_bsp.a(alt_do_ctors.o)
 .debug_line    0x00002dfb       0x83 ../firstProject_bsp/\libhal_bsp.a(alt_do_dtors.o)
 .debug_line    0x00002e7e      0x1aa ../firstProject_bsp/\libhal_bsp.a(alt_errno.o)
 .debug_line    0x00003028      0x26b ../firstProject_bsp/\libhal_bsp.a(alt_find_dev.o)
 .debug_line    0x00003293      0x1b5 ../firstProject_bsp/\libhal_bsp.a(alt_icache_flush_all.o)
 .debug_line    0x00003448      0x2b4 ../firstProject_bsp/\libhal_bsp.a(alt_io_redirect.o)
 .debug_line    0x000036fc      0x303 ../firstProject_bsp/\libhal_bsp.a(alt_irq_register.o)
 .debug_line    0x000039ff       0x72 ../firstProject_bsp/\libhal_bsp.a(alt_irq_vars.o)
 .debug_line    0x00003a71      0x2ff ../firstProject_bsp/\libhal_bsp.a(alt_open.o)
 .debug_line    0x00003d70       0xed ../firstProject_bsp/\libhal_bsp.a(alt_release_fd.o)
 .debug_line    0x00003e5d      0x2f5 ../firstProject_bsp/\libhal_bsp.a(alt_tick.o)
 .debug_line    0x00004152      0x1e2 ../firstProject_bsp/\libhal_bsp.a(altera_nios2_irq.o)
 .debug_line    0x00004334      0x27c ../firstProject_bsp/\libhal_bsp.a(alt_find_file.o)
 .debug_line    0x000045b0      0x297 ../firstProject_bsp/\libhal_bsp.a(alt_get_fd.o)
 .debug_line    0x00004847       0x6b ../firstProject_bsp/\libhal_bsp.a(alt_irq_entry.o)
 .debug_line    0x000048b2      0x261 ../firstProject_bsp/\libhal_bsp.a(alt_irq_handler.o)
 .debug_line    0x00004b13       0xab ../firstProject_bsp/\libhal_bsp.a(alt_exception_entry.o)
 .debug_line    0x00004bbe      0x203 c:/altera/11.0sp1/nios2eds/bin/gnu/h-i686-mingw32/bin/../lib/gcc/nios2-elf/4.1.2/../../../../nios2-elf/lib/mno-hw-mul\libc.a(lib_a-atexit.o)
 .debug_line    0x00004dc1      0x23b c:/altera/11.0sp1/nios2eds/bin/gnu/h-i686-mingw32/bin/../lib/gcc/nios2-elf/4.1.2/../../../../nios2-elf/lib/mno-hw-mul\libc.a(lib_a-exit.o)
 .debug_line    0x00004ffc      0x230 c:/altera/11.0sp1/nios2eds/bin/gnu/h-i686-mingw32/bin/../lib/gcc/nios2-elf/4.1.2/../../../../nios2-elf/lib/mno-hw-mul\libc.a(lib_a-impure.o)
 .debug_line    0x0000522c      0x1e2 c:/altera/11.0sp1/nios2eds/bin/gnu/h-i686-mingw32/bin/../lib/gcc/nios2-elf/4.1.2/../../../../nios2-elf/lib/mno-hw-mul\libc.a(lib_a-int_errno.o)
 .debug_line    0x0000540e      0x2a2 c:/altera/11.0sp1/nios2eds/bin/gnu/h-i686-mingw32/bin/../lib/gcc/nios2-elf/4.1.2/../../../../nios2-elf/lib/mno-hw-mul\libc.a(lib_a-memcmp.o)
 .debug_line    0x000056b0      0x1af c:/altera/11.0sp1/nios2eds/bin/gnu/h-i686-mingw32/bin/../lib/gcc/nios2-elf/4.1.2/../../../../nios2-elf/lib/mno-hw-mul\libc.a(lib_a-memcpy.o)
 .debug_line    0x0000585f      0x270 c:/altera/11.0sp1/nios2eds/bin/gnu/h-i686-mingw32/bin/../lib/gcc/nios2-elf/4.1.2/../../../../nios2-elf/lib/mno-hw-mul\libc.a(lib_a-strlen.o)
 .debug_line    0x00005acf      0x316 c:/altera/11.0sp1/nios2eds/bin/gnu/h-i686-mingw32/bin/../lib/gcc/nios2-elf/4.1.2/../../../../nios2-elf/lib/mno-hw-mul\libc.a(lib_a-__atexit.o)
 .debug_line    0x00005de5      0x36a c:/altera/11.0sp1/nios2eds/bin/gnu/h-i686-mingw32/bin/../lib/gcc/nios2-elf/4.1.2/../../../../nios2-elf/lib/mno-hw-mul\libc.a(lib_a-__call_atexit.o)
 .debug_line    0x0000614f      0x11a c:/altera/11.0sp1/nios2eds/bin/gnu/h-i686-mingw32/bin/../lib/gcc/nios2-elf/4.1.2/mno-hw-mul\libgcc.a(lib2-mul.o)
 .debug_line    0x00006269      0x21f ../firstProject_bsp/\libhal_bsp.a(alt_exit.o)

.debug_frame    0x00000000      0x92c
 *(.debug_frame)
 .debug_frame   0x00000000       0x48 ../firstProject_bsp/\libhal_bsp.a(alt_load.o)
 .debug_frame   0x00000048       0x2c ../firstProject_bsp/\libhal_bsp.a(alt_main.o)
 .debug_frame   0x00000074       0x64 ../firstProject_bsp/\libhal_bsp.a(alt_sys_init.o)
 .debug_frame   0x000000d8       0x80 ../firstProject_bsp/\libhal_bsp.a(altera_avalon_jtag_uart_fd.o)
 .debug_frame   0x00000158       0x80 ../firstProject_bsp/\libhal_bsp.a(altera_avalon_jtag_uart_init.o)
 .debug_frame   0x000001d8       0x2c ../firstProject_bsp/\libhal_bsp.a(altera_avalon_jtag_uart_ioctl.o)
 .debug_frame   0x00000204       0x2c ../firstProject_bsp/\libhal_bsp.a(altera_avalon_jtag_uart_read.o)
 .debug_frame   0x00000230       0x2c ../firstProject_bsp/\libhal_bsp.a(altera_avalon_jtag_uart_write.o)
 .debug_frame   0x0000025c       0x48 ../firstProject_bsp/\libhal_bsp.a(altera_avalon_timer_sc.o)
 .debug_frame   0x000002a4      0x128 ../firstProject_bsp/\libhal_bsp.a(altera_up_avalon_rs232.o)
 .debug_frame   0x000003cc       0x2c ../firstProject_bsp/\libhal_bsp.a(alt_alarm_start.o)
 .debug_frame   0x000003f8       0x48 ../firstProject_bsp/\libhal_bsp.a(alt_close.o)
 .debug_frame   0x00000440       0x2c ../firstProject_bsp/\libhal_bsp.a(alt_dcache_flush_all.o)
 .debug_frame   0x0000046c       0x2c ../firstProject_bsp/\libhal_bsp.a(alt_dev.o)
 .debug_frame   0x00000498       0x48 ../firstProject_bsp/\libhal_bsp.a(alt_dev_llist_insert.o)
 .debug_frame   0x000004e0       0x2c ../firstProject_bsp/\libhal_bsp.a(alt_do_ctors.o)
 .debug_frame   0x0000050c       0x2c ../firstProject_bsp/\libhal_bsp.a(alt_do_dtors.o)
 .debug_frame   0x00000538       0x2c ../firstProject_bsp/\libhal_bsp.a(alt_find_dev.o)
 .debug_frame   0x00000564       0x2c ../firstProject_bsp/\libhal_bsp.a(alt_icache_flush_all.o)
 .debug_frame   0x00000590       0x4c ../firstProject_bsp/\libhal_bsp.a(alt_io_redirect.o)
 .debug_frame   0x000005dc       0x2c ../firstProject_bsp/\libhal_bsp.a(alt_irq_register.o)
 .debug_frame   0x00000608       0x68 ../firstProject_bsp/\libhal_bsp.a(alt_open.o)
 .debug_frame   0x00000670       0x30 ../firstProject_bsp/\libhal_bsp.a(alt_release_fd.o)
 .debug_frame   0x000006a0       0x48 ../firstProject_bsp/\libhal_bsp.a(alt_tick.o)
 .debug_frame   0x000006e8       0x2c ../firstProject_bsp/\libhal_bsp.a(altera_nios2_irq.o)
 .debug_frame   0x00000714       0x2c ../firstProject_bsp/\libhal_bsp.a(alt_find_file.o)
 .debug_frame   0x00000740       0x30 ../firstProject_bsp/\libhal_bsp.a(alt_get_fd.o)
 .debug_frame   0x00000770       0x2c ../firstProject_bsp/\libhal_bsp.a(alt_irq_handler.o)
 .debug_frame   0x0000079c       0x20 c:/altera/11.0sp1/nios2eds/bin/gnu/h-i686-mingw32/bin/../lib/gcc/nios2-elf/4.1.2/../../../../nios2-elf/lib/mno-hw-mul\libc.a(lib_a-atexit.o)
 .debug_frame   0x000007bc       0x28 c:/altera/11.0sp1/nios2eds/bin/gnu/h-i686-mingw32/bin/../lib/gcc/nios2-elf/4.1.2/../../../../nios2-elf/lib/mno-hw-mul\libc.a(lib_a-exit.o)
 .debug_frame   0x000007e4       0x20 c:/altera/11.0sp1/nios2eds/bin/gnu/h-i686-mingw32/bin/../lib/gcc/nios2-elf/4.1.2/../../../../nios2-elf/lib/mno-hw-mul\libc.a(lib_a-memcmp.o)
 .debug_frame   0x00000804       0x20 c:/altera/11.0sp1/nios2eds/bin/gnu/h-i686-mingw32/bin/../lib/gcc/nios2-elf/4.1.2/../../../../nios2-elf/lib/mno-hw-mul\libc.a(lib_a-memcpy.o)
 .debug_frame   0x00000824       0x20 c:/altera/11.0sp1/nios2eds/bin/gnu/h-i686-mingw32/bin/../lib/gcc/nios2-elf/4.1.2/../../../../nios2-elf/lib/mno-hw-mul\libc.a(lib_a-strlen.o)
 .debug_frame   0x00000844       0x34 c:/altera/11.0sp1/nios2eds/bin/gnu/h-i686-mingw32/bin/../lib/gcc/nios2-elf/4.1.2/../../../../nios2-elf/lib/mno-hw-mul\libc.a(lib_a-__atexit.o)
 .debug_frame   0x00000878       0x4c c:/altera/11.0sp1/nios2eds/bin/gnu/h-i686-mingw32/bin/../lib/gcc/nios2-elf/4.1.2/../../../../nios2-elf/lib/mno-hw-mul\libc.a(lib_a-__call_atexit.o)
 .debug_frame   0x000008c4       0x20 c:/altera/11.0sp1/nios2eds/bin/gnu/h-i686-mingw32/bin/../lib/gcc/nios2-elf/4.1.2/mno-hw-mul\libgcc.a(lib2-mul.o)
 .debug_frame   0x000008e4       0x48 ../firstProject_bsp/\libhal_bsp.a(alt_exit.o)

.debug_str      0x00000000      0xbfc
 *(.debug_str)
 .debug_str     0x00000000       0x12 ../firstProject_bsp/\libhal_bsp.a(alt_load.o)
 .debug_str     0x00000012       0x12 ../firstProject_bsp/\libhal_bsp.a(alt_main.o)
 .debug_str     0x00000024       0x3c ../firstProject_bsp/\libhal_bsp.a(alt_sys_init.o)
 .debug_str     0x00000060       0x12 ../firstProject_bsp/\libhal_bsp.a(altera_avalon_jtag_uart_fd.o)
 .debug_str     0x00000072       0x1a ../firstProject_bsp/\libhal_bsp.a(altera_avalon_jtag_uart_init.o)
 .debug_str     0x0000008c       0x12 ../firstProject_bsp/\libhal_bsp.a(altera_avalon_jtag_uart_ioctl.o)
 .debug_str     0x0000009e       0x1a ../firstProject_bsp/\libhal_bsp.a(altera_avalon_jtag_uart_read.o)
 .debug_str     0x000000b8       0x1a ../firstProject_bsp/\libhal_bsp.a(altera_avalon_jtag_uart_write.o)
 .debug_str     0x000000d2       0x12 ../firstProject_bsp/\libhal_bsp.a(altera_avalon_timer_sc.o)
 .debug_str     0x000000e4       0x48 ../firstProject_bsp/\libhal_bsp.a(altera_up_avalon_rs232.o)
 .debug_str     0x0000012c       0x23 ../firstProject_bsp/\libhal_bsp.a(alt_alarm_start.o)
 .debug_str     0x0000014f       0x12 ../firstProject_bsp/\libhal_bsp.a(alt_close.o)
 .debug_str     0x00000161       0x12 ../firstProject_bsp/\libhal_bsp.a(alt_dcache_flush_all.o)
 .debug_str     0x00000173       0x12 ../firstProject_bsp/\libhal_bsp.a(alt_dev.o)
 .debug_str     0x00000185       0x12 ../firstProject_bsp/\libhal_bsp.a(alt_dev_llist_insert.o)
 .debug_str     0x00000197       0x12 ../firstProject_bsp/\libhal_bsp.a(alt_errno.o)
 .debug_str     0x000001a9       0x12 ../firstProject_bsp/\libhal_bsp.a(alt_find_dev.o)
 .debug_str     0x000001bb       0x12 ../firstProject_bsp/\libhal_bsp.a(alt_icache_flush_all.o)
 .debug_str     0x000001cd       0x12 ../firstProject_bsp/\libhal_bsp.a(alt_io_redirect.o)
 .debug_str     0x000001df       0x21 ../firstProject_bsp/\libhal_bsp.a(alt_irq_register.o)
 .debug_str     0x00000200       0x12 ../firstProject_bsp/\libhal_bsp.a(alt_open.o)
 .debug_str     0x00000212       0x1a ../firstProject_bsp/\libhal_bsp.a(alt_tick.o)
 .debug_str     0x0000022c       0x12 ../firstProject_bsp/\libhal_bsp.a(altera_nios2_irq.o)
 .debug_str     0x0000023e       0x12 ../firstProject_bsp/\libhal_bsp.a(alt_find_file.o)
 .debug_str     0x00000250       0x12 ../firstProject_bsp/\libhal_bsp.a(alt_get_fd.o)
 .debug_str     0x00000262       0x12 ../firstProject_bsp/\libhal_bsp.a(alt_irq_handler.o)
 .debug_str     0x00000274      0x187 c:/altera/11.0sp1/nios2eds/bin/gnu/h-i686-mingw32/bin/../lib/gcc/nios2-elf/4.1.2/../../../../nios2-elf/lib/mno-hw-mul\libc.a(lib_a-atexit.o)
                                0x1cd (size before relaxing)
 .debug_str     0x000003fb      0x387 c:/altera/11.0sp1/nios2eds/bin/gnu/h-i686-mingw32/bin/../lib/gcc/nios2-elf/4.1.2/../../../../nios2-elf/lib/mno-hw-mul\libc.a(lib_a-exit.o)
                                0x51a (size before relaxing)
 .debug_str     0x00000782       0xdf c:/altera/11.0sp1/nios2eds/bin/gnu/h-i686-mingw32/bin/../lib/gcc/nios2-elf/4.1.2/../../../../nios2-elf/lib/mno-hw-mul\libc.a(lib_a-impure.o)
                                0x528 (size before relaxing)
 .debug_str     0x00000861       0x40 c:/altera/11.0sp1/nios2eds/bin/gnu/h-i686-mingw32/bin/../lib/gcc/nios2-elf/4.1.2/../../../../nios2-elf/lib/mno-hw-mul\libc.a(lib_a-int_errno.o)
                                0x171 (size before relaxing)
 .debug_str     0x000008a1       0xe3 c:/altera/11.0sp1/nios2eds/bin/gnu/h-i686-mingw32/bin/../lib/gcc/nios2-elf/4.1.2/../../../../nios2-elf/lib/mno-hw-mul\libc.a(lib_a-memcmp.o)
                                0x178 (size before relaxing)
 .debug_str     0x00000984       0x6c c:/altera/11.0sp1/nios2eds/bin/gnu/h-i686-mingw32/bin/../lib/gcc/nios2-elf/4.1.2/../../../../nios2-elf/lib/mno-hw-mul\libc.a(lib_a-memcpy.o)
                                0x136 (size before relaxing)
 .debug_str     0x000009f0       0x52 c:/altera/11.0sp1/nios2eds/bin/gnu/h-i686-mingw32/bin/../lib/gcc/nios2-elf/4.1.2/../../../../nios2-elf/lib/mno-hw-mul\libc.a(lib_a-strlen.o)
                                0x18b (size before relaxing)
 .debug_str     0x00000a42       0x54 c:/altera/11.0sp1/nios2eds/bin/gnu/h-i686-mingw32/bin/../lib/gcc/nios2-elf/4.1.2/../../../../nios2-elf/lib/mno-hw-mul\libc.a(lib_a-__atexit.o)
                                0x532 (size before relaxing)
 .debug_str     0x00000a96       0x7e c:/altera/11.0sp1/nios2eds/bin/gnu/h-i686-mingw32/bin/../lib/gcc/nios2-elf/4.1.2/../../../../nios2-elf/lib/mno-hw-mul\libc.a(lib_a-__call_atexit.o)
                                0x55c (size before relaxing)
 .debug_str     0x00000b14       0xcc c:/altera/11.0sp1/nios2eds/bin/gnu/h-i686-mingw32/bin/../lib/gcc/nios2-elf/4.1.2/mno-hw-mul\libgcc.a(lib2-mul.o)
                                0x175 (size before relaxing)
 .debug_str     0x00000be0       0x1c ../firstProject_bsp/\libhal_bsp.a(alt_exit.o)

.debug_loc      0x00000000      0xeed
 *(.debug_loc)
 .debug_loc     0x00000000       0x56 ../firstProject_bsp/\libhal_bsp.a(alt_load.o)
 .debug_loc     0x00000056       0x2b ../firstProject_bsp/\libhal_bsp.a(alt_main.o)
 .debug_loc     0x00000081       0x81 ../firstProject_bsp/\libhal_bsp.a(alt_sys_init.o)
 .debug_loc     0x00000102       0xac ../firstProject_bsp/\libhal_bsp.a(altera_avalon_jtag_uart_fd.o)
 .debug_loc     0x000001ae       0xac ../firstProject_bsp/\libhal_bsp.a(altera_avalon_jtag_uart_init.o)
 .debug_loc     0x0000025a       0x2b ../firstProject_bsp/\libhal_bsp.a(altera_avalon_jtag_uart_ioctl.o)
 .debug_loc     0x00000285       0x2b ../firstProject_bsp/\libhal_bsp.a(altera_avalon_jtag_uart_read.o)
 .debug_loc     0x000002b0       0x2b ../firstProject_bsp/\libhal_bsp.a(altera_avalon_jtag_uart_write.o)
 .debug_loc     0x000002db       0x56 ../firstProject_bsp/\libhal_bsp.a(altera_avalon_timer_sc.o)
 .debug_loc     0x00000331      0x1ae ../firstProject_bsp/\libhal_bsp.a(altera_up_avalon_rs232.o)
 .debug_loc     0x000004df       0x2b ../firstProject_bsp/\libhal_bsp.a(alt_alarm_start.o)
 .debug_loc     0x0000050a       0x56 ../firstProject_bsp/\libhal_bsp.a(alt_close.o)
 .debug_loc     0x00000560       0x2b ../firstProject_bsp/\libhal_bsp.a(alt_dcache_flush_all.o)
 .debug_loc     0x0000058b       0x2b ../firstProject_bsp/\libhal_bsp.a(alt_dev.o)
 .debug_loc     0x000005b6       0x56 ../firstProject_bsp/\libhal_bsp.a(alt_dev_llist_insert.o)
 .debug_loc     0x0000060c       0x2b ../firstProject_bsp/\libhal_bsp.a(alt_do_ctors.o)
 .debug_loc     0x00000637       0x2b ../firstProject_bsp/\libhal_bsp.a(alt_do_dtors.o)
 .debug_loc     0x00000662       0x2b ../firstProject_bsp/\libhal_bsp.a(alt_find_dev.o)
 .debug_loc     0x0000068d       0x2b ../firstProject_bsp/\libhal_bsp.a(alt_icache_flush_all.o)
 .debug_loc     0x000006b8       0x56 ../firstProject_bsp/\libhal_bsp.a(alt_io_redirect.o)
 .debug_loc     0x0000070e       0x2c ../firstProject_bsp/\libhal_bsp.a(alt_irq_register.o)
 .debug_loc     0x0000073a       0x81 ../firstProject_bsp/\libhal_bsp.a(alt_open.o)
 .debug_loc     0x000007bb       0x2b ../firstProject_bsp/\libhal_bsp.a(alt_release_fd.o)
 .debug_loc     0x000007e6       0x56 ../firstProject_bsp/\libhal_bsp.a(alt_tick.o)
 .debug_loc     0x0000083c       0x2b ../firstProject_bsp/\libhal_bsp.a(altera_nios2_irq.o)
 .debug_loc     0x00000867       0x2b ../firstProject_bsp/\libhal_bsp.a(alt_find_file.o)
 .debug_loc     0x00000892       0x2b ../firstProject_bsp/\libhal_bsp.a(alt_get_fd.o)
 .debug_loc     0x000008bd       0x2b ../firstProject_bsp/\libhal_bsp.a(alt_irq_handler.o)
 .debug_loc     0x000008e8       0x1e c:/altera/11.0sp1/nios2eds/bin/gnu/h-i686-mingw32/bin/../lib/gcc/nios2-elf/4.1.2/../../../../nios2-elf/lib/mno-hw-mul\libc.a(lib_a-atexit.o)
 .debug_loc     0x00000906       0x3d c:/altera/11.0sp1/nios2eds/bin/gnu/h-i686-mingw32/bin/../lib/gcc/nios2-elf/4.1.2/../../../../nios2-elf/lib/mno-hw-mul\libc.a(lib_a-exit.o)
 .debug_loc     0x00000943      0x114 c:/altera/11.0sp1/nios2eds/bin/gnu/h-i686-mingw32/bin/../lib/gcc/nios2-elf/4.1.2/../../../../nios2-elf/lib/mno-hw-mul\libc.a(lib_a-memcmp.o)
 .debug_loc     0x00000a57       0xca c:/altera/11.0sp1/nios2eds/bin/gnu/h-i686-mingw32/bin/../lib/gcc/nios2-elf/4.1.2/../../../../nios2-elf/lib/mno-hw-mul\libc.a(lib_a-memcpy.o)
 .debug_loc     0x00000b21       0x3c c:/altera/11.0sp1/nios2eds/bin/gnu/h-i686-mingw32/bin/../lib/gcc/nios2-elf/4.1.2/../../../../nios2-elf/lib/mno-hw-mul\libc.a(lib_a-strlen.o)
 .debug_loc     0x00000b5d      0x120 c:/altera/11.0sp1/nios2eds/bin/gnu/h-i686-mingw32/bin/../lib/gcc/nios2-elf/4.1.2/../../../../nios2-elf/lib/mno-hw-mul\libc.a(lib_a-__atexit.o)
 .debug_loc     0x00000c7d      0x1cb c:/altera/11.0sp1/nios2eds/bin/gnu/h-i686-mingw32/bin/../lib/gcc/nios2-elf/4.1.2/../../../../nios2-elf/lib/mno-hw-mul\libc.a(lib_a-__call_atexit.o)
 .debug_loc     0x00000e48       0x4f c:/altera/11.0sp1/nios2eds/bin/gnu/h-i686-mingw32/bin/../lib/gcc/nios2-elf/4.1.2/mno-hw-mul\libgcc.a(lib2-mul.o)
 .debug_loc     0x00000e97       0x56 ../firstProject_bsp/\libhal_bsp.a(alt_exit.o)

.debug_macinfo
 *(.debug_macinfo)

.debug_weaknames
 *(.debug_weaknames)

.debug_funcnames
 *(.debug_funcnames)

.debug_typenames
 *(.debug_typenames)

.debug_varnames
 *(.debug_varnames)

.debug_alt_sim_info
                0x00000000       0x10
 *(.debug_alt_sim_info)
 .debug_alt_sim_info
                0x00000000       0x10 ../firstProject_bsp//obj/HAL/src/crt0.o
                0x00800000                __alt_data_end = 0x800000
                0x00800000                PROVIDE (__alt_stack_pointer, __alt_data_end)
                0x00005bc0                PROVIDE (__alt_stack_limit, __alt_stack_base)
                0x00005bc0                PROVIDE (__alt_heap_start, end)
                0x00800000                PROVIDE (__alt_heap_limit, 0x800000)
OUTPUT(Project1.elf elf32-littlenios2)

.debug_ranges   0x00000000       0x90
 .debug_ranges  0x00000000       0x20 ../firstProject_bsp//obj/HAL/src/crt0.o
 .debug_ranges  0x00000020       0x28 ../firstProject_bsp/\libhal_bsp.a(alt_irq_entry.o)
 .debug_ranges  0x00000048       0x30 ../firstProject_bsp/\libhal_bsp.a(alt_exception_entry.o)
 .debug_ranges  0x00000078       0x18 c:/altera/11.0sp1/nios2eds/bin/gnu/h-i686-mingw32/bin/../lib/gcc/nios2-elf/4.1.2/../../../../nios2-elf/lib/mno-hw-mul\libc.a(lib_a-__call_atexit.o)
